Component: ARM Compiler 5.05 update 1 (build 106) Tool: armlink [4d0efa]

==============================================================================

Section Cross References

    startup_stm32f407xx.o(STACK) refers (Special) to heapauxi.o(.text) for __use_two_region_memory
    startup_stm32f407xx.o(HEAP) refers (Special) to heapauxi.o(.text) for __use_two_region_memory
    startup_stm32f407xx.o(RESET) refers (Special) to heapauxi.o(.text) for __use_two_region_memory
    startup_stm32f407xx.o(RESET) refers to startup_stm32f407xx.o(STACK) for __initial_sp
    startup_stm32f407xx.o(RESET) refers to startup_stm32f407xx.o(.text) for Reset_Handler
    startup_stm32f407xx.o(RESET) refers to stm32f4xx_it.o(i.NMI_Handler) for NMI_Handler
    startup_stm32f407xx.o(RESET) refers to stm32f4xx_it.o(i.HardFault_Handler) for HardFault_Handler
    startup_stm32f407xx.o(RESET) refers to stm32f4xx_it.o(i.MemManage_Handler) for MemManage_Handler
    startup_stm32f407xx.o(RESET) refers to stm32f4xx_it.o(i.BusFault_Handler) for BusFault_Handler
    startup_stm32f407xx.o(RESET) refers to stm32f4xx_it.o(i.UsageFault_Handler) for UsageFault_Handler
    startup_stm32f407xx.o(RESET) refers to port.o(.emb_text) for SVC_Handler
    startup_stm32f407xx.o(RESET) refers to stm32f4xx_it.o(i.DebugMon_Handler) for DebugMon_Handler
    startup_stm32f407xx.o(RESET) refers to stm32f4xx_it.o(i.SysTick_Handler) for SysTick_Handler
    startup_stm32f407xx.o(RESET) refers to stm32f4xx_it.o(i.EXTI0_IRQHandler) for EXTI0_IRQHandler
    startup_stm32f407xx.o(RESET) refers to stm32f4xx_it.o(i.EXTI3_IRQHandler) for EXTI3_IRQHandler
    startup_stm32f407xx.o(RESET) refers to stm32f4xx_it.o(i.EXTI4_IRQHandler) for EXTI4_IRQHandler
    startup_stm32f407xx.o(RESET) refers to stm32f4xx_it.o(i.CAN1_RX0_IRQHandler) for CAN1_RX0_IRQHandler
    startup_stm32f407xx.o(RESET) refers to stm32f4xx_it.o(i.EXTI9_5_IRQHandler) for EXTI9_5_IRQHandler
    startup_stm32f407xx.o(RESET) refers to stm32f4xx_it.o(i.USART1_IRQHandler) for USART1_IRQHandler
    startup_stm32f407xx.o(RESET) refers to remote_control.o(i.USART3_IRQHandler) for USART3_IRQHandler
    startup_stm32f407xx.o(RESET) refers to ins_task.o(i.DMA2_Stream2_IRQHandler) for DMA2_Stream2_IRQHandler
    startup_stm32f407xx.o(RESET) refers to stm32f4xx_it.o(i.CAN2_RX0_IRQHandler) for CAN2_RX0_IRQHandler
    startup_stm32f407xx.o(RESET) refers to stm32f4xx_it.o(i.USART6_IRQHandler) for USART6_IRQHandler
    startup_stm32f407xx.o(.text) refers (Special) to heapauxi.o(.text) for __use_two_region_memory
    startup_stm32f407xx.o(.text) refers to system_stm32f4xx.o(i.SystemInit) for SystemInit
    startup_stm32f407xx.o(.text) refers to __main.o(!!!main) for __main
    startup_stm32f407xx.o(.text) refers to startup_stm32f407xx.o(HEAP) for Heap_Mem
    startup_stm32f407xx.o(.text) refers to startup_stm32f407xx.o(STACK) for Stack_Mem
    main.o(i.SystemClock_Config) refers to rt_memclr_w.o(.text) for __aeabi_memclr4
    main.o(i.SystemClock_Config) refers to stm32f4xx_hal_rcc.o(i.HAL_RCC_OscConfig) for HAL_RCC_OscConfig
    main.o(i.SystemClock_Config) refers to main.o(i.Error_Handler) for Error_Handler
    main.o(i.SystemClock_Config) refers to stm32f4xx_hal_rcc.o(i.HAL_RCC_ClockConfig) for HAL_RCC_ClockConfig
    main.o(i.main) refers to stm32f4xx_hal.o(i.HAL_Init) for HAL_Init
    main.o(i.main) refers to main.o(i.SystemClock_Config) for SystemClock_Config
    main.o(i.main) refers to gpio.o(i.MX_GPIO_Init) for MX_GPIO_Init
    main.o(i.main) refers to dma.o(i.MX_DMA_Init) for MX_DMA_Init
    main.o(i.main) refers to can.o(i.MX_CAN1_Init) for MX_CAN1_Init
    main.o(i.main) refers to can.o(i.MX_CAN2_Init) for MX_CAN2_Init
    main.o(i.main) refers to spi.o(i.MX_SPI1_Init) for MX_SPI1_Init
    main.o(i.main) refers to tim.o(i.MX_TIM4_Init) for MX_TIM4_Init
    main.o(i.main) refers to tim.o(i.MX_TIM5_Init) for MX_TIM5_Init
    main.o(i.main) refers to usart.o(i.MX_USART3_UART_Init) for MX_USART3_UART_Init
    main.o(i.main) refers to tim.o(i.MX_TIM8_Init) for MX_TIM8_Init
    main.o(i.main) refers to i2c.o(i.MX_I2C3_Init) for MX_I2C3_Init
    main.o(i.main) refers to rtc.o(i.MX_RTC_Init) for MX_RTC_Init
    main.o(i.main) refers to tim.o(i.MX_TIM3_Init) for MX_TIM3_Init
    main.o(i.main) refers to tim.o(i.MX_TIM10_Init) for MX_TIM10_Init
    main.o(i.main) refers to usart.o(i.MX_USART1_UART_Init) for MX_USART1_UART_Init
    main.o(i.main) refers to usart.o(i.MX_USART6_UART_Init) for MX_USART6_UART_Init
    main.o(i.main) refers to bsp_can.o(i.can_filter_init) for can_filter_init
    main.o(i.main) refers to bsp_delay.o(i.delay_init) for delay_init
    main.o(i.main) refers to calibrate_task.o(i.cali_param_init) for cali_param_init
    main.o(i.main) refers to remote_control.o(i.remote_control_init) for remote_control_init
    main.o(i.main) refers to freertos.o(i.MX_FREERTOS_Init) for MX_FREERTOS_Init
    main.o(i.main) refers to cmsis_os.o(i.osKernelStart) for osKernelStart
[...]
    remote_control_init                      0x0800f9b5   Thumb Code    16  remote_control.o(i.remote_control_init)
    right_joint_motor_control                0x0800f9c9   Thumb Code    98  a1_motor.o(i.right_joint_motor_control)
    sqrt                                     0x0800fb0b   Thumb Code   110  sqrt_full.o(i.sqrt)
    sqrtf                                    0x0800fb79   Thumb Code    62  sqrtf_full.o(i.sqrtf)
    test_task                                0x0800fbb9   Thumb Code   124  test_task.o(i.test_task)
    toe_is_error                             0x0800fc45   Thumb Code    20  detect_task.o(i.toe_is_error)
    ulTaskNotifyTake                         0x0800fc5d   Thumb Code    96  tasks.o(i.ulTaskNotifyTake)
    uxListRemove                             0x0800fd3f   Thumb Code    38  list.o(i.uxListRemove)
    uxTaskGetStackHighWaterMark              0x0800fd65   Thumb Code    14  tasks.o(i.uxTaskGetStackHighWaterMark)
    vApplicationGetIdleTaskMemory            0x0800fd79   Thumb Code    14  freertos.o(i.vApplicationGetIdleTaskMemory)
    vApplicationGetTimerTaskMemory           0x0800fd91   Thumb Code    16  freertos.o(i.vApplicationGetTimerTaskMemory)
    vListInitialise                          0x0800fda9   Thumb Code    22  list.o(i.vListInitialise)
    vListInitialiseItem                      0x0800fdbf   Thumb Code     6  list.o(i.vListInitialiseItem)
    vListInsert                              0x0800fdc5   Thumb Code    54  list.o(i.vListInsert)
    vListInsertEnd                           0x0800fdfb   Thumb Code    24  list.o(i.vListInsertEnd)
    vPortEnterCritical                       0x0800fe15   Thumb Code    54  port.o(i.vPortEnterCritical)
    vPortExitCritical                        0x0800fe55   Thumb Code    38  port.o(i.vPortExitCritical)
    vPortFree                                0x0800fe81   Thumb Code    94  heap_4.o(i.vPortFree)
    vPortSetupTimerInterrupt                 0x0800fee5   Thumb Code    32  port.o(i.vPortSetupTimerInterrupt)
    vPortValidateInterruptPriority           0x0800ff09   Thumb Code    74  port.o(i.vPortValidateInterruptPriority)
    vQueueAddToRegistry                      0x0800ff5d   Thumb Code    34  queue.o(i.vQueueAddToRegistry)
    vQueueWaitForMessageRestricted           0x0800ff85   Thumb Code    74  queue.o(i.vQueueWaitForMessageRestricted)
    vTaskDelay                               0x0800ffd1   Thumb Code    70  tasks.o(i.vTaskDelay)
    vTaskInternalSetTimeOutState             0x08010021   Thumb Code    12  tasks.o(i.vTaskInternalSetTimeOutState)
    vTaskMissedYield                         0x08010031   Thumb Code     8  tasks.o(i.vTaskMissedYield)
    vTaskNotifyGiveFromISR                   0x0801003d   Thumb Code   176  tasks.o(i.vTaskNotifyGiveFromISR)
    vTaskPlaceOnEventList                    0x080100f9   Thumb Code    48  tasks.o(i.vTaskPlaceOnEventList)
    vTaskPlaceOnEventListRestricted          0x0801012d   Thumb Code    54  tasks.o(i.vTaskPlaceOnEventListRestricted)
    vTaskStartScheduler                      0x08010169   Thumb Code   128  tasks.o(i.vTaskStartScheduler)
    vTaskSuspendAll                          0x080101f9   Thumb Code    10  tasks.o(i.vTaskSuspendAll)
    vTaskSwitchContext                       0x08010209   Thumb Code    86  tasks.o(i.vTaskSwitchContext)
    xPortStartScheduler                      0x08010269   Thumb Code   232  port.o(i.xPortStartScheduler)
    xPortSysTickHandler                      0x0801036d   Thumb Code    38  port.o(i.xPortSysTickHandler)
    xQueueGenericCreateStatic                0x08010399   Thumb Code   112  queue.o(i.xQueueGenericCreateStatic)
    xQueueGenericReset                       0x08010409   Thumb Code   138  queue.o(i.xQueueGenericReset)
    xQueueGenericSend                        0x08010499   Thumb Code   362  queue.o(i.xQueueGenericSend)
    xQueueGenericSendFromISR                 0x08010609   Thumb Code   190  queue.o(i.xQueueGenericSendFromISR)
    xQueueReceive                            0x080106c9   Thumb Code   322  queue.o(i.xQueueReceive)
    xTaskCheckForTimeOut                     0x08010811   Thumb Code   148  tasks.o(i.xTaskCheckForTimeOut)
    xTaskCreate                              0x080108a9   Thumb Code   108  tasks.o(i.xTaskCreate)
    xTaskCreateStatic                        0x08010915   Thumb Code    96  tasks.o(i.xTaskCreateStatic)
    xTaskGetHandle                           0x08010975   Thumb Code   124  tasks.o(i.xTaskGetHandle)
    xTaskGetSchedulerState                   0x08010a01   Thumb Code    24  tasks.o(i.xTaskGetSchedulerState)
    xTaskGetTickCount                        0x08010a1d   Thumb Code     6  tasks.o(i.xTaskGetTickCount)
    xTaskIncrementTick                       0x08010a29   Thumb Code   202  tasks.o(i.xTaskIncrementTick)
    xTaskPriorityDisinherit                  0x08010afd   Thumb Code   146  tasks.o(i.xTaskPriorityDisinherit)
    xTaskRemoveFromEventList                 0x08010b99   Thumb Code   108  tasks.o(i.xTaskRemoveFromEventList)
    xTaskResumeAll                           0x08010c11   Thumb Code   190  tasks.o(i.xTaskResumeAll)
    xTimerCreateTimerTask                    0x08010cdd   Thumb Code    86  timers.o(i.xTimerCreateTimerTask)
    xTimerGenericCommand                     0x08010d45   Thumb Code   112  timers.o(i.xTimerGenericCommand)
    __aeabi_dneg                             0x08010db9   Thumb Code     0  basic.o(x$fpl$basic)
    _dneg                                    0x08010db9   Thumb Code     6  basic.o(x$fpl$basic)
    __aeabi_fneg                             0x08010dbf   Thumb Code     0  basic.o(x$fpl$basic)
    _fneg                                    0x08010dbf   Thumb Code     6  basic.o(x$fpl$basic)
    _dabs                                    0x08010dc5   Thumb Code     6  basic.o(x$fpl$basic)
    _fabs                                    0x08010dcb   Thumb Code     6  basic.o(x$fpl$basic)
    __aeabi_d2f                              0x08010dd1   Thumb Code     0  d2f_clz.o(x$fpl$d2f)
    _d2f                                     0x08010dd1   Thumb Code   700  d2f_clz.o(x$fpl$d2f)
    __aeabi_dadd                             0x08011095   Thumb Code     0  daddsub_clz.o(x$fpl$dadd)
    _dadd                                    0x08011095   Thumb Code   580  daddsub_clz.o(x$fpl$dadd)
    __fpl_dcheck_NaN1                        0x080112e1   Thumb Code    28  dcheck1.o(x$fpl$dcheck1)
    __fpl_dcmp_Inf                           0x080112fd   Thumb Code    24  dcmpi.o(x$fpl$dcmpinf)
    __aeabi_ddiv                             0x08011315   Thumb Code     0  ddiv_clz.o(x$fpl$ddiv)
    _ddiv                                    0x08011315   Thumb Code   748  ddiv_clz.o(x$fpl$ddiv)
    __aeabi_d2iz                             0x08011691   Thumb Code     0  dfix.o(x$fpl$dfix)
    _dfix                                    0x08011691   Thumb Code   192  dfix.o(x$fpl$dfix)
    __aeabi_i2d                              0x08011759   Thumb Code     0  dflt_clz.o(x$fpl$dflt)
    _dflt                                    0x08011759   Thumb Code    46  dflt_clz.o(x$fpl$dflt)
    __dflt_normalise                         0x08011787   Thumb Code    26  dflt_clz.o(x$fpl$dfltn)
    __aeabi_ui2d                             0x080117a1   Thumb Code     0  dflt_clz.o(x$fpl$dfltu)
    _dfltu                                   0x080117a1   Thumb Code    38  dflt_clz.o(x$fpl$dfltu)
    __aeabi_cdcmple                          0x080117c9   Thumb Code     0  dleqf.o(x$fpl$dleqf)
    _dcmple                                  0x080117c9   Thumb Code   120  dleqf.o(x$fpl$dleqf)
    __fpl_dcmple_InfNaN                      0x08011821   Thumb Code     0  dleqf.o(x$fpl$dleqf)
    __aeabi_dmul                             0x08011841   Thumb Code     0  dmul_clz.o(x$fpl$dmul)
    _dmul                                    0x08011841   Thumb Code   440  dmul_clz.o(x$fpl$dmul)
    __fpl_dnaninf                            0x08011a01   Thumb Code   258  dnaninf.o(x$fpl$dnaninf)
    __fpl_drenorm2                           0x08011b03   Thumb Code   106  drenorm_clz.o(x$fpl$drenorm)
    __fpl_drenorm1                           0x08011b6d   Thumb Code     6  drenorm_clz.o(x$fpl$drenorm)
    __fpl_dretinf                            0x08011b73   Thumb Code    12  dretinf.o(x$fpl$dretinf)
    __aeabi_cdrcmple                         0x08011b7f   Thumb Code     0  drleqf.o(x$fpl$drleqf)
    _drcmple                                 0x08011b7f   Thumb Code    98  drleqf.o(x$fpl$drleqf)
    __aeabi_drsub                            0x08011be1   Thumb Code     0  daddsub_clz.o(x$fpl$drsb)
    _drsb                                    0x08011be1   Thumb Code    74  daddsub_clz.o(x$fpl$drsb)
    _dsqrt                                   0x08011c31   Thumb Code   520  dsqrt_umaalclz.o(x$fpl$dsqrt)
    __aeabi_dsub                             0x08011e39   Thumb Code     0  daddsub_clz.o(x$fpl$dsub)
    _dsub                                    0x08011e39   Thumb Code   664  daddsub_clz.o(x$fpl$dsub)
    __dunder                                 0x080120d5   Thumb Code   314  dunder_clz.o(x$fpl$dunder)
    __dunder_d                               0x0801220f   Thumb Code    64  dunder_clz.o(x$fpl$dunder)
    __fpl_exception                          0x08012251   Thumb Code   454  except.o(x$fpl$exception)
    __aeabi_f2d                              0x0801243d   Thumb Code     0  f2d.o(x$fpl$f2d)
    _f2d                                     0x0801243d   Thumb Code   122  f2d.o(x$fpl$f2d)
    __fpl_fnaninf                            0x080124b7   Thumb Code   242  fnaninf.o(x$fpl$fnaninf)
    _fp_init                                 0x080125a9   Thumb Code    10  fpinit.o(x$fpl$fpinit)
    __fplib_config_fpu_vfp                   0x080125b1   Thumb Code     0  fpinit.o(x$fpl$fpinit)
    __fplib_config_pureend_doubles           0x080125b1   Thumb Code     0  fpinit.o(x$fpl$fpinit)
    __fpl_fretinf                            0x080125b3   Thumb Code    10  fretinf.o(x$fpl$fretinf)
    __funder                                 0x080125bd   Thumb Code   254  funder_clz.o(x$fpl$funder)
    __funder_d                               0x080126bb   Thumb Code    62  funder_clz.o(x$fpl$funder)
    __fpl_return_NaN                         0x080126f9   Thumb Code   178  retnan.o(x$fpl$retnan)
    __ARM_scalbn                             0x080127ad   Thumb Code   270  scalbn_clz.o(x$fpl$scalbn)
    _fp_trapveneer                           0x080128c1   Thumb Code    36  trapv.o(x$fpl$trapveneer)
    __fpl_cmpreturn                          0x080128e5   Thumb Code    90  trapv.o(x$fpl$trapveneer)
    __I$use$fp                               0x0801293e   Number         0  usenofp.o(x$fpl$usenofp)
    AHBPrescTable                            0x080129e8   Data          16  system_stm32f4xx.o(.constdata)
    APBPrescTable                            0x080129f8   Data           8  system_stm32f4xx.o(.constdata)
    sinTable_f32                             0x08012a60   Data        2052  arm_common_tables.o(.constdata)
    __mathlib_zero                           0x08013320   Data           8  qnan.o(.constdata)
    Region$$Table$$Base                      0x0801344c   Number         0  anon$$obj.o(Region$$Table)
    Region$$Table$$Limit                     0x0801346c   Number         0  anon$$obj.o(Region$$Table)
    calibrate_tast_handle                    0x20000000   Data           4  freertos.o(.data)
    chassisTaskHandle                        0x20000004   Data           4  freertos.o(.data)
    detect_handle                            0x20000008   Data           4  freertos.o(.data)
    imuTaskHandle                            0x2000000c   Data           4  freertos.o(.data)
    led_RGB_flow_handle                      0x20000010   Data           4  freertos.o(.data)
    jointmotor_handle                        0x20000014   Data           4  freertos.o(.data)
    testHandle                               0x20000018   Data           4  freertos.o(.data)
    SystemCoreClock                          0x20000020   Data           4  system_stm32f4xx.o(.data)
    calibrate_task_stack                     0x20000044   Data           4  calibrate_task.o(.data)
    cali_hook_fun                            0x20000070   Data          20  calibrate_task.o(.data)
    chassis_behaviour_mode                   0x20000098   Data           1  chassis_behaviour.o(.data)
    chassis_high_water                       0x2000009c   Data           4  chassis_task.o(.data)
    gyro_dma_rx_buf                          0x200000a4   Data           8  ins_task.o(.data)
    gyro_dma_tx_buf                          0x200000ac   Data           8  ins_task.o(.data)
    accel_dma_tx_buf                         0x200000b4   Data           9  ins_task.o(.data)
    accel_temp_dma_rx_buf                    0x200000bd   Data           4  ins_task.o(.data)
    accel_temp_dma_tx_buf                    0x200000c1   Data           4  ins_task.o(.data)
    gyro_update_flag                         0x200000c5   Data           1  ins_task.o(.data)
    accel_update_flag                        0x200000c6   Data           1  ins_task.o(.data)
    accel_temp_update_flag                   0x200000c7   Data           1  ins_task.o(.data)
    mag_update_flag                          0x200000c8   Data           1  ins_task.o(.data)
    imu_start_dma_flag                       0x200000c9   Data           1  ins_task.o(.data)
    gyro_scale_factor                        0x200000cc   Data          36  ins_task.o(.data)
    accel_scale_factor                       0x200000f0   Data          36  ins_task.o(.data)
    mag_scale_factor                         0x20000114   Data          36  ins_task.o(.data)
    accel_flag                               0x2000013c   Data           4  ins_task.o(.data)
    RGB_flow_color                           0x20000148   Data          28  led_flow_task.o(.data)
    error_list_test_local                    0x20000168   Data           4  test_task.o(.data)
    BMI088_ACCEL_SEN                         0x20000174   Data           4  bmi088driver.o(.data)
    BMI088_GYRO_SEN                          0x20000178   Data           4  bmi088driver.o(.data)
    uwTickFreq                               0x200001a0   Data           1  stm32f4xx_hal.o(.data)
    uwTickPrio                               0x200001a4   Data           4  stm32f4xx_hal.o(.data)
    uwTick                                   0x200001a8   Data           4  stm32f4xx_hal.o(.data)
    pxCurrentTCB                             0x200001ac   Data           4  tasks.o(.data)
    hcan1                                    0x200008e0   Data          40  can.o(.bss)
    hcan2                                    0x20000908   Data          40  can.o(.bss)
    hi2c3                                    0x20000930   Data          84  i2c.o(.bss)
    hrtc                                     0x20000984   Data          32  rtc.o(.bss)
    hspi1                                    0x200009a4   Data          88  spi.o(.bss)
    hdma_spi1_rx                             0x200009fc   Data          96  spi.o(.bss)
    hdma_spi1_tx                             0x20000a5c   Data          96  spi.o(.bss)
    htim3                                    0x20000abc   Data          72  tim.o(.bss)
    htim4                                    0x20000b04   Data          72  tim.o(.bss)
    htim5                                    0x20000b4c   Data          72  tim.o(.bss)
    htim8                                    0x20000b94   Data          72  tim.o(.bss)
    htim10                                   0x20000bdc   Data          72  tim.o(.bss)
    huart1                                   0x20000c24   Data          68  usart.o(.bss)
    huart3                                   0x20000c68   Data          68  usart.o(.bss)
    huart6                                   0x20000cac   Data          68  usart.o(.bss)
    hdma_usart3_rx                           0x20000cf0   Data          96  usart.o(.bss)
    cali_sensor                              0x20000e24   Data          65  calibrate_task.o(.bss)
    chassis_move                             0x20000ec8   Data         136  chassis_task.o(.bss)
    error_list                               0x20000f50   Data         396  detect_task.o(.bss)
    accel_dma_rx_buf                         0x200010dc   Data           9  ins_task.o(.bss)
    bmi088_real_data                         0x200010e8   Data          36  ins_task.o(.bss)
    gyro_offset                              0x2000110c   Data          12  ins_task.o(.bss)
    gyro_cali_offset                         0x20001118   Data          12  ins_task.o(.bss)
    accel_offset                             0x20001124   Data          12  ins_task.o(.bss)
    accel_cali_offset                        0x20001130   Data          12  ins_task.o(.bss)
    ist8310_real_data                        0x2000113c   Data          16  ins_task.o(.bss)
    mag_offset                               0x2000114c   Data          12  ins_task.o(.bss)
    mag_cali_offset                          0x20001158   Data          12  ins_task.o(.bss)
    INS_angle                                0x20001204   Data          12  ins_task.o(.bss)
    rc_ctrl                                  0x20001210   Data          22  remote_control.o(.bss)
    leg_move                                 0x20001270   Data          96  jointmotor_task.o(.bss)
    left_byd_send                            0x200012d0   Data          80  jointmotor_task.o(.bss)
    left_byd_recv                            0x20001320   Data         136  jointmotor_task.o(.bss)
    left_frt_send                            0x200013a8   Data          80  jointmotor_task.o(.bss)
    left_frt_recv                            0x200013f8   Data         136  jointmotor_task.o(.bss)
    right_byd_send                           0x20001480   Data          80  jointmotor_task.o(.bss)
    right_byd_recv                           0x200014d0   Data         136  jointmotor_task.o(.bss)
    right_frt_send                           0x20001558   Data          80  jointmotor_task.o(.bss)
    right_frt_recv                           0x200015a8   Data         136  jointmotor_task.o(.bss)
    pFlash                                   0x20001630   Data          32  stm32f4xx_hal_flash.o(.bss)
    xQueueRegistry                           0x20001650   Data          64  queue.o(.bss)
    __libspace_start                         0x20007890   Data          96  libspace.o(.bss)
    __temporary_stack_top$libspace           0x200078f0   Data           0  libspace.o(.bss)



==============================================================================

Memory Map of the image

  Image Entry point : 0x08000189

  Load Region LR_IROM1 (Base: 0x08000000, Size: 0x000136a4, Max: 0x00100000, ABSOLUTE, COMPRESSED[0x00013504])

    Execution Region ER_IROM1 (Exec base: 0x08000000, Load base: 0x08000000, Size: 0x0001346c, Max: 0x00100000, ABSOLUTE)

    Exec Addr    Load Addr    Size         Type   Attr      Idx    E Section Name        Object

    0x08000000   0x08000000   0x00000188   Data   RO            3    RESET               startup_stm32f407xx.o
    0x08000188   0x08000188   0x00000008   Code   RO         8478  * !!!main             c_w.l(__main.o)
    0x08000190   0x08000190   0x00000034   Code   RO         8886    !!!scatter          c_w.l(__scatter.o)
    0x080001c4   0x080001c4   0x0000005a   Code   RO         8884    !!dczerorl2         c_w.l(__dczerorl2.o)
    0x0800021e   0x0800021e   0x00000002   PAD
    0x08000220   0x08000220   0x0000001c   Code   RO         8888    !!handler_zi        c_w.l(__scatter_zi.o)
    0x0800023c   0x0800023c   0x00000002   Code   RO         8758    .ARM.Collect$$libinit$$00000000  c_w.l(libinit.o)
    0x0800023e   0x0800023e   0x00000004   Code   RO         8767    .ARM.Collect$$libinit$$00000001  c_w.l(libinit2.o)
    0x08000242   0x08000242   0x00000000   Code   RO         8770    .ARM.Collect$$libinit$$00000004  c_w.l(libinit2.o)
    0x08000242   0x08000242   0x00000000   Code   RO         8773    .ARM.Collect$$libinit$$0000000A  c_w.l(libinit2.o)
    0x08000242   0x08000242   0x00000000   Code   RO         8775    .ARM.Collect$$libinit$$0000000C  c_w.l(libinit2.o)
    0x08000242   0x08000242   0x00000000   Code   RO         8777    .ARM.Collect$$libinit$$0000000E  c_w.l(libinit2.o)
    0x08000242   0x08000242   0x00000000   Code   RO         8780    .ARM.Collect$$libinit$$00000011  c_w.l(libinit2.o)
    0x08000242   0x08000242   0x00000000   Code   RO         8782    .ARM.Collect$$libinit$$00000013  c_w.l(libinit2.o)
    0x08000242   0x08000242   0x00000000   Code   RO         8784    .ARM.Collect$$libinit$$00000015  c_w.l(libinit2.o)
    0x08000242   0x08000242   0x00000000   Code   RO         8786    .ARM.Collect$$libinit$$00000017  c_w.l(libinit2.o)
    0x08000242   0x08000242   0x00000000   Code   RO         8788    .ARM.Collect$$libinit$$00000019  c_w.l(libinit2.o)
    0x08000242   0x08000242   0x00000000   Code   RO         8790    .ARM.Collect$$libinit$$0000001B  c_w.l(libinit2.o)
    0x08000242   0x08000242   0x00000000   Code   RO         8792    .ARM.Collect$$libinit$$0000001D  c_w.l(libinit2.o)
    0x08000242   0x08000242   0x00000000   Code   RO         8794    .ARM.Collect$$libinit$$0000001F  c_w.l(libinit2.o)
    0x08000242   0x08000242   0x00000000   Code   RO         8796    .ARM.Collect$$libinit$$00000021  c_w.l(libinit2.o)
    0x08000242   0x08000242   0x00000000   Code   RO         8798    .ARM.Collect$$libinit$$00000023  c_w.l(libinit2.o)
    0x08000242   0x08000242   0x00000000   Code   RO         8800    .ARM.Collect$$libinit$$00000025  c_w.l(libinit2.o)
    0x08000242   0x08000242   0x00000000   Code   RO         8804    .ARM.Collect$$libinit$$0000002C  c_w.l(libinit2.o)
    0x08000242   0x08000242   0x00000000   Code   RO         8806    .ARM.Collect$$libinit$$0000002E  c_w.l(libinit2.o)
    0x08000242   0x08000242   0x00000000   Code   RO         8808    .ARM.Collect$$libinit$$00000030  c_w.l(libinit2.o)
    0x08000242   0x08000242   0x00000000   Code   RO         8810    .ARM.Collect$$libinit$$00000032  c_w.l(libinit2.o)
    0x08000242   0x08000242   0x00000002   Code   RO         8811    .ARM.Collect$$libinit$$00000033  c_w.l(libinit2.o)
    0x08000244   0x08000244   0x00000002   Code   RO         8842    .ARM.Collect$$libshutdown$$00000000  c_w.l(libshutdown.o)
    0x08000246   0x08000246   0x00000000   Code   RO         8869    .ARM.Collect$$libshutdown$$00000003  c_w.l(libshutdown2.o)
    0x08000246   0x08000246   0x00000000   Code   RO         8872    .ARM.Collect$$libshutdown$$00000006  c_w.l(libshutdown2.o)
    0x08000246   0x08000246   0x00000000   Code   RO         8875    .ARM.Collect$$libshutdown$$00000009  c_w.l(libshutdown2.o)
    0x08000246   0x08000246   0x00000000   Code   RO         8877    .ARM.Collect$$libshutdown$$0000000B  c_w.l(libshutdown2.o)
    0x08000246   0x08000246   0x00000000   Code   RO         8880    .ARM.Collect$$libshutdown$$0000000E  c_w.l(libshutdown2.o)
    0x08000246   0x08000246   0x00000002   Code   RO         8881    .ARM.Collect$$libshutdown$$0000000F  c_w.l(libshutdown2.o)
    0x08000248   0x08000248   0x00000000   Code   RO         8624    .ARM.Collect$$rtentry$$00000000  c_w.l(__rtentry.o)
    0x08000248   0x08000248   0x00000000   Code   RO         8711    .ARM.Collect$$rtentry$$00000002  c_w.l(__rtentry2.o)
    0x08000248   0x08000248   0x00000006   Code   RO         8723    .ARM.Collect$$rtentry$$00000004  c_w.l(__rtentry4.o)
    0x0800024e   0x0800024e   0x00000000   Code   RO         8713    .ARM.Collect$$rtentry$$00000009  c_w.l(__rtentry2.o)
    0x0800024e   0x0800024e   0x00000004   Code   RO         8714    .ARM.Collect$$rtentry$$0000000A  c_w.l(__rtentry2.o)
    0x08000252   0x08000252   0x00000000   Code   RO         8716    .ARM.Collect$$rtentry$$0000000C  c_w.l(__rtentry2.o)
    0x08000252   0x08000252   0x00000008   Code   RO         8717    .ARM.Collect$$rtentry$$0000000D  c_w.l(__rtentry2.o)
    0x0800025a   0x0800025a   0x00000002   Code   RO         8759    .ARM.Collect$$rtexit$$00000000  c_w.l(rtexit.o)
    0x0800025c   0x0800025c   0x00000000   Code   RO         8815    .ARM.Collect$$rtexit$$00000002  c_w.l(rtexit2.o)
    0x0800025c   0x0800025c   0x00000004   Code   RO         8816    .ARM.Collect$$rtexit$$00000003  c_w.l(rtexit2.o)
    0x08000260   0x08000260   0x00000006   Code   RO         8817    .ARM.Collect$$rtexit$$00000004  c_w.l(rtexit2.o)
    0x08000266   0x08000266   0x00000002   PAD
    0x08000268   0x08000268   0x000000be   Code   RO         8137    .emb_text           port.o
    0x08000326   0x08000326   0x00000002   PAD
    0x08000328   0x08000328   0x00000040   Code   RO            4    .text               startup_stm32f407xx.o
    0x08000368   0x08000368   0x00000078   Code   RO         8304    .text               arm_cortexM4lf_math.lib(arm_cos_f32.o)
    0x080003e0   0x080003e0   0x00000074   Code   RO         8357    .text               arm_cortexM4lf_math.lib(arm_sin_f32.o)
    0x08000454   0x08000454   0x000000ee   Code   RO         8462    .text               c_w.l(lludivv7m.o)
    0x08000542   0x08000542   0x0000003e   Code   RO         8464    .text               c_w.l(strlen.o)
    0x08000580   0x08000580   0x0000008a   Code   RO         8466    .text               c_w.l(rt_memcpy_v6.o)
    0x0800060a   0x0800060a   0x00000064   Code   RO         8468    .text               c_w.l(rt_memcpy_w.o)
    0x0800066e   0x0800066e   0x00000010   Code   RO         8472    .text               c_w.l(aeabi_memset.o)
    0x0800067e   0x0800067e   0x0000004e   Code   RO         8474    .text               c_w.l(rt_memclr_w.o)
    0x080006cc   0x080006cc   0x00000006   Code   RO         8476    .text               c_w.l(heapauxi.o)
    0x080006d2   0x080006d2   0x00000016   Code   RO         8629    .text               c_w.l(_rserrno.o)
    0x080006e8   0x080006e8   0x00000044   Code   RO         8631    .text               c_w.l(rt_memclr.o)
    0x0800072c   0x0800072c   0x00000008   Code   RO         8730    .text               c_w.l(rt_errno_addr_intlibspace.o)
    0x08000734   0x08000734   0x00000030   Code   RO         8732    .text               c_w.l(_fptrap.o)
    0x08000764   0x08000764   0x00000008   Code   RO         8742    .text               c_w.l(libspace.o)
    0x0800076c   0x0800076c   0x0000004a   Code   RO         8745    .text               c_w.l(sys_stackheap_outer.o)
    0x080007b6   0x080007b6   0x0000000c   Code   RO         8747    .text               c_w.l(exit.o)
    0x080007c2   0x080007c2   0x0000000e   Code   RO         8749    .text               c_w.l(defsig_fpe_outer.o)
    0x080007d0   0x080007d0   0x0000000a   Code   RO         8763    .text               c_w.l(defsig_exit.o)
    0x080007da   0x080007da   0x00000002   PAD
    0x080007dc   0x080007dc   0x000000ac   Code   RO         8765    .text               c_w.l(defsig_fpe_inner.o)
    0x08000888   0x08000888   0x0000000c   Code   RO         8812    .text               c_w.l(sys_exit.o)
    0x08000894   0x08000894   0x00000032   Code   RO         8823    .text               c_w.l(defsig_general.o)
    0x080008c6   0x080008c6   0x0000000e   Code   RO         8829    .text               c_w.l(sys_wrch.o)
    0x080008d4   0x080008d4   0x00000002   Code   RO         8831    .text               c_w.l(use_no_semi.o)
    0x080008d6   0x080008d6   0x00000000   Code   RO         8833    .text               c_w.l(indicate_semi.o)
    0x080008d6   0x080008d6   0x00000018   Code   RO         2416    i.AHRS_asinf        ahrs_middleware.o
    0x080008ee   0x080008ee   0x00000020   Code   RO         2417    i.AHRS_atan2f       ahrs_middleware.o
    0x0800090e   0x0800090e   0x00000018   Code   RO         2418    i.AHRS_cosf         ahrs_middleware.o
    0x08000926   0x08000926   0x0000001a   Code   RO         8214    i.AHRS_fabs         AHRS.lib(ahrs.o)
    0x08000940   0x08000940   0x00000010   Code   RO         2419    i.AHRS_get_height   ahrs_middleware.o
    0x08000950   0x08000950   0x0000000c   Code   RO         2420    i.AHRS_get_latitude  ahrs_middleware.o
    0x0800095c   0x0800095c   0x0000029c   Code   RO         8215    i.AHRS_init         AHRS.lib(ahrs.o)
    0x08000bf8   0x08000bf8   0x00000024   Code   RO         2421    i.AHRS_invSqrt      ahrs_middleware.o
    0x08000c1c   0x08000c1c   0x00000018   Code   RO         2422    i.AHRS_sinf         ahrs_middleware.o
    0x08000c34   0x08000c34   0x0000013a   Code   RO         8216    i.AHRS_update       AHRS.lib(ahrs.o)
    0x08000d6e   0x08000d6e   0x00000002   PAD
    0x08000d70   0x08000d70   0x00000014   Code   RO         2207    i.BMI088_ACCEL_NS_H  bmi088middleware.o
    0x08000d84   0x08000d84   0x00000014   Code   RO         2208    i.BMI088_ACCEL_NS_L  bmi088middleware.o
    0x08000d98   0x08000d98   0x00000002   Code   RO         2209    i.BMI088_GPIO_init  bmi088middleware.o
    0x08000d9a   0x08000d9a   0x00000002   PAD
    0x08000d9c   0x08000d9c   0x00000014   Code   RO         2210    i.BMI088_GYRO_NS_H  bmi088middleware.o
    0x08000db0   0x08000db0   0x00000014   Code   RO         2211    i.BMI088_GYRO_NS_L  bmi088middleware.o
    0x08000dc4   0x08000dc4   0x00000090   Code   RO         2071    i.BMI088_accel_read_over  bmi088driver.o
    0x08000e54   0x08000e54   0x00000002   Code   RO         2212    i.BMI088_com_init   bmi088middleware.o
    0x08000e56   0x08000e56   0x0000000c   Code   RO         2213    i.BMI088_delay_ms   bmi088middleware.o
    0x08000e62   0x08000e62   0x0000000c   Code   RO         2214    i.BMI088_delay_us   bmi088middleware.o
    0x08000e6e   0x08000e6e   0x00000002   PAD
    0x08000e70   0x08000e70   0x00000068   Code   RO         2072    i.BMI088_gyro_read_over  bmi088driver.o
    0x08000ed8   0x08000ed8   0x00000034   Code   RO         2073    i.BMI088_init       bmi088driver.o
    0x08000f0c   0x08000f0c   0x0000017c   Code   RO         2074    i.BMI088_read       bmi088driver.o
    0x08001088   0x08001088   0x00000026   Code   RO         2077    i.BMI088_read_muli_reg  bmi088driver.o
    0x080010ae   0x080010ae   0x00000018   Code   RO         2078    i.BMI088_read_single_reg  bmi088driver.o
    0x080010c6   0x080010c6   0x00000002   PAD
    0x080010c8   0x080010c8   0x00000020   Code   RO         2215    i.BMI088_read_write_byte  bmi088middleware.o
    0x080010e8   0x080010e8   0x00000034   Code   RO         2079    i.BMI088_temperature_read_over  bmi088driver.o
    0x0800111c   0x0800111c   0x00000014   Code   RO         2080    i.BMI088_write_single_reg  bmi088driver.o
    0x08001130   0x08001130   0x00000004   Code   RO          685    i.BusFault_Handler  stm32f4xx_it.o
    0x08001134   0x08001134   0x00000010   Code   RO          686    i.CAN1_RX0_IRQHandler  stm32f4xx_it.o
    0x08001144   0x08001144   0x00000010   Code   RO          687    i.CAN2_RX0_IRQHandler  stm32f4xx_it.o
    0x08001154   0x08001154   0x00000898   Code   RO         1692    i.DMA2_Stream2_IRQHandler  ins_task.o
    0x080019ec   0x080019ec   0x00000034   Code   RO         3450    i.DMA_CalcBaseAndBitshift  stm32f4xx_hal_dma.o
    0x08001a20   0x08001a20   0x0000007e   Code   RO         3451    i.DMA_CheckFifoParam  stm32f4xx_hal_dma.o
    0x08001a9e   0x08001a9e   0x00000002   Code   RO          688    i.DebugMon_Handler  stm32f4xx_it.o
    0x08001aa0   0x08001aa0   0x0000000a   Code   RO          689    i.EXTI0_IRQHandler  stm32f4xx_it.o
    0x08001aaa   0x08001aaa   0x0000000a   Code   RO          690    i.EXTI3_IRQHandler  stm32f4xx_it.o
    0x08001ab4   0x08001ab4   0x0000000a   Code   RO          691    i.EXTI4_IRQHandler  stm32f4xx_it.o
    0x08001abe   0x08001abe   0x0000000a   Code   RO          692    i.EXTI9_5_IRQHandler  stm32f4xx_it.o
    0x08001ac8   0x08001ac8   0x00000002   Code   RO           13    i.Error_Handler     main.o
    0x08001aca   0x08001aca   0x00000002   PAD
    0x08001acc   0x08001acc   0x00000050   Code   RO         3220    i.FLASH_Erase_Sector  stm32f4xx_hal_flash_ex.o
    0x08001b1c   0x08001b1c   0x00000058   Code   RO         3221    i.FLASH_FlushCaches  stm32f4xx_hal_flash_ex.o
    0x08001b74   0x08001b74   0x00000028   Code   RO         3222    i.FLASH_MassErase   stm32f4xx_hal_flash_ex.o
    0x08001b9c   0x08001b9c   0x00000020   Code   RO         3102    i.FLASH_Program_Byte  stm32f4xx_hal_flash.o
    0x08001bbc   0x08001bbc   0x00000034   Code   RO         3103    i.FLASH_Program_DoubleWord  stm32f4xx_hal_flash.o
    0x08001bf0   0x08001bf0   0x00000024   Code   RO         3104    i.FLASH_Program_HalfWord  stm32f4xx_hal_flash.o
    0x08001c14   0x08001c14   0x00000024   Code   RO         3105    i.FLASH_Program_Word  stm32f4xx_hal_flash.o
    0x08001c38   0x08001c38   0x00000074   Code   RO         3106    i.FLASH_SetErrorCode  stm32f4xx_hal_flash.o
    0x08001cac   0x08001cac   0x00000060   Code   RO         3107    i.FLASH_WaitForLastOperation  stm32f4xx_hal_flash.o
    0x08001d0c   0x08001d0c   0x00000024   Code   RO         2713    i.HAL_CAN_ActivateNotification  stm32f4xx_hal_can.o
    0x08001d30   0x08001d30   0x00000104   Code   RO         2714    i.HAL_CAN_AddTxMessage  stm32f4xx_hal_can.o
    0x08001e34   0x08001e34   0x00000128   Code   RO         2715    i.HAL_CAN_ConfigFilter  stm32f4xx_hal_can.o
    0x08001f5c   0x08001f5c   0x00000002   Code   RO         2718    i.HAL_CAN_ErrorCallback  stm32f4xx_hal_can.o
    0x08001f5e   0x08001f5e   0x0000016c   Code   RO         2721    i.HAL_CAN_GetRxMessage  stm32f4xx_hal_can.o
    0x080020ca   0x080020ca   0x00000234   Code   RO         2725    i.HAL_CAN_IRQHandler  stm32f4xx_hal_can.o
    0x080022fe   0x080022fe   0x00000168   Code   RO         2726    i.HAL_CAN_Init      stm32f4xx_hal_can.o
    0x08002466   0x08002466   0x00000002   PAD
    0x08002468   0x08002468   0x00000160   Code   RO          361    i.HAL_CAN_MspInit   can.o
    0x080025c8   0x080025c8   0x00000002   Code   RO         2733    i.HAL_CAN_RxFifo0FullCallback  stm32f4xx_hal_can.o
    0x080025ca   0x080025ca   0x00000002   PAD
    0x080025cc   0x080025cc   0x00000064   Code   RO         1355    i.HAL_CAN_RxFifo0MsgPendingCallback  can_receive.o
    0x08002630   0x08002630   0x00000002   Code   RO         2735    i.HAL_CAN_RxFifo1FullCallback  stm32f4xx_hal_can.o
    0x08002632   0x08002632   0x00000002   Code   RO         2736    i.HAL_CAN_RxFifo1MsgPendingCallback  stm32f4xx_hal_can.o
    0x08002634   0x08002634   0x00000002   Code   RO         2737    i.HAL_CAN_SleepCallback  stm32f4xx_hal_can.o
    0x08002636   0x08002636   0x00000064   Code   RO         2738    i.HAL_CAN_Start     stm32f4xx_hal_can.o
    0x0800269a   0x0800269a   0x00000002   Code   RO         2740    i.HAL_CAN_TxMailbox0AbortCallback  stm32f4xx_hal_can.o
    0x0800269c   0x0800269c   0x00000002   Code   RO         2741    i.HAL_CAN_TxMailbox0CompleteCallback  stm32f4xx_hal_can.o
    0x0800269e   0x0800269e   0x00000002   Code   RO         2742    i.HAL_CAN_TxMailbox1AbortCallback  stm32f4xx_hal_can.o
    0x080026a0   0x080026a0   0x00000002   Code   RO         2743    i.HAL_CAN_TxMailbox1CompleteCallback  stm32f4xx_hal_can.o
    0x080026a2   0x080026a2   0x00000002   Code   RO         2744    i.HAL_CAN_TxMailbox2AbortCallback  stm32f4xx_hal_can.o
    0x080026a4   0x080026a4   0x00000002   Code   RO         2745    i.HAL_CAN_TxMailbox2CompleteCallback  stm32f4xx_hal_can.o
    0x080026a6   0x080026a6   0x00000002   Code   RO         2747    i.HAL_CAN_WakeUpFromRxMsgCallback  stm32f4xx_hal_can.o
    0x080026a8   0x080026a8   0x000000a2   Code   RO         3453    i.HAL_DMA_Abort     stm32f4xx_hal_dma.o
    0x0800274a   0x0800274a   0x00000024   Code   RO         3454    i.HAL_DMA_Abort_IT  stm32f4xx_hal_dma.o
    0x0800276e   0x0800276e   0x00000002   PAD
    0x08002770   0x08002770   0x000000ec   Code   RO         3459    i.HAL_DMA_Init      stm32f4xx_hal_dma.o
    0x0800285c   0x0800285c   0x000000ac   Code   RO         3232    i.HAL_FLASHEx_Erase  stm32f4xx_hal_flash_ex.o
    0x08002908   0x08002908   0x00000014   Code   RO         3111    i.HAL_FLASH_Lock    stm32f4xx_hal_flash.o
    0x0800291c   0x0800291c   0x00000080   Code   RO         3116    i.HAL_FLASH_Program  stm32f4xx_hal_flash.o
    0x0800299c   0x0800299c   0x00000034   Code   RO         3118    i.HAL_FLASH_Unlock  stm32f4xx_hal_flash.o
    0x080029d0   0x080029d0   0x000000b8   Code   RO         1693    i.HAL_GPIO_EXTI_Callback  ins_task.o
    0x08002a88   0x08002a88   0x00000018   Code   RO         3345    i.HAL_GPIO_EXTI_IRQHandler  stm32f4xx_hal_gpio.o
    0x08002aa0   0x08002aa0   0x00000210   Code   RO         3346    i.HAL_GPIO_Init     stm32f4xx_hal_gpio.o
    0x08002cb0   0x08002cb0   0x0000000e   Code   RO         3350    i.HAL_GPIO_WritePin  stm32f4xx_hal_gpio.o
    0x08002cbe   0x08002cbe   0x00000002   PAD
    0x08002cc0   0x08002cc0   0x0000000c   Code   RO         3873    i.HAL_GetTick       stm32f4xx_hal.o
    0x08002ccc   0x08002ccc   0x000001ac   Code   RO         4129    i.HAL_I2C_Init      stm32f4xx_hal_i2c.o
    0x08002e78   0x08002e78   0x000002c0   Code   RO         4147    i.HAL_I2C_Mem_Read  stm32f4xx_hal_i2c.o
    0x08003138   0x08003138   0x00000174   Code   RO         4150    i.HAL_I2C_Mem_Write  stm32f4xx_hal_i2c.o
    0x080032ac   0x080032ac   0x000000c8   Code   RO          434    i.HAL_I2C_MspInit   i2c.o
    0x08003374   0x08003374   0x00000010   Code   RO         3879    i.HAL_IncTick       stm32f4xx_hal.o
    0x08003384   0x08003384   0x00000034   Code   RO         3880    i.HAL_Init          stm32f4xx_hal.o
    0x080033b8   0x080033b8   0x00000044   Code   RO         3881    i.HAL_InitTick      stm32f4xx_hal.o
    0x080033fc   0x080033fc   0x00000054   Code   RO          797    i.HAL_MspInit       stm32f4xx_hal_msp.o
    0x08003450   0x08003450   0x0000001c   Code   RO         3735    i.HAL_NVIC_EnableIRQ  stm32f4xx_hal_cortex.o
    0x0800346c   0x0800346c   0x00000068   Code   RO         3741    i.HAL_NVIC_SetPriority  stm32f4xx_hal_cortex.o
    0x080034d4   0x080034d4   0x00000024   Code   RO         3742    i.HAL_NVIC_SetPriorityGrouping  stm32f4xx_hal_cortex.o
    0x080034f8   0x080034f8   0x0000017c   Code   RO         3052    i.HAL_RCCEx_PeriphCLKConfig  stm32f4xx_hal_rcc_ex.o
    0x08003674   0x08003674   0x0000017c   Code   RO         2947    i.HAL_RCC_ClockConfig  stm32f4xx_hal_rcc.o
    0x080037f0   0x080037f0   0x0000000c   Code   RO         2952    i.HAL_RCC_GetHCLKFreq  stm32f4xx_hal_rcc.o
    0x080037fc   0x080037fc   0x00000020   Code   RO         2954    i.HAL_RCC_GetPCLK1Freq  stm32f4xx_hal_rcc.o
    0x0800381c   0x0800381c   0x00000020   Code   RO         2955    i.HAL_RCC_GetPCLK2Freq  stm32f4xx_hal_rcc.o
    0x0800383c   0x0800383c   0x00000070   Code   RO         2956    i.HAL_RCC_GetSysClockFreq  stm32f4xx_hal_rcc.o
    0x080038ac   0x080038ac   0x00000482   Code   RO         2959    i.HAL_RCC_OscConfig  stm32f4xx_hal_rcc.o
    0x08003d2e   0x08003d2e   0x00000094   Code   RO         4621    i.HAL_RTC_Init      stm32f4xx_hal_rtc.o
    0x08003dc2   0x08003dc2   0x00000002   PAD
    0x08003dc4   0x08003dc4   0x00000040   Code   RO          476    i.HAL_RTC_MspInit   rtc.o
    0x08003e04   0x08003e04   0x0000003c   Code   RO         4629    i.HAL_RTC_WaitForSynchro  stm32f4xx_hal_rtc.o
    0x08003e40   0x08003e40   0x000000be   Code   RO         5021    i.HAL_SPI_Init      stm32f4xx_hal_spi.o
    0x08003efe   0x08003efe   0x00000002   PAD
    0x08003f00   0x08003f00   0x00000158   Code   RO          518    i.HAL_SPI_MspInit   spi.o
    0x08004058   0x08004058   0x000001f8   Code   RO         5030    i.HAL_SPI_TransmitReceive  stm32f4xx_hal_spi.o
    0x08004250   0x08004250   0x00000028   Code   RO         3746    i.HAL_SYSTICK_Config  stm32f4xx_hal_cortex.o
    0x08004278   0x08004278   0x00000082   Code   RO         6068    i.HAL_TIMEx_MasterConfigSynchronization  stm32f4xx_hal_tim_ex.o
    0x080042fa   0x080042fa   0x0000005c   Code   RO         5334    i.HAL_TIM_Base_Init  stm32f4xx_hal_tim.o
    0x08004356   0x08004356   0x00000002   PAD
    0x08004358   0x08004358   0x000000ec   Code   RO          560    i.HAL_TIM_Base_MspInit  tim.o
    0x08004444   0x08004444   0x00000068   Code   RO         5337    i.HAL_TIM_Base_Start  stm32f4xx_hal_tim.o
    0x080044ac   0x080044ac   0x000000ea   Code   RO         5343    i.HAL_TIM_ConfigClockSource  stm32f4xx_hal_tim.o
    0x08004596   0x08004596   0x00000002   PAD
    0x08004598   0x08004598   0x000001a4   Code   RO          561    i.HAL_TIM_MspPostInit  tim.o
    0x0800473c   0x0800473c   0x000000d8   Code   RO         5406    i.HAL_TIM_PWM_ConfigChannel  stm32f4xx_hal_tim.o
    0x08004814   0x08004814   0x0000005c   Code   RO         5409    i.HAL_TIM_PWM_Init  stm32f4xx_hal_tim.o
    0x08004870   0x08004870   0x00000002   Code   RO         5411    i.HAL_TIM_PWM_MspInit  stm32f4xx_hal_tim.o
    0x08004872   0x08004872   0x00000002   PAD
    0x08004874   0x08004874   0x000000cc   Code   RO         5414    i.HAL_TIM_PWM_Start  stm32f4xx_hal_tim.o
    0x08004940   0x08004940   0x0000011a   Code   RO         6324    i.HAL_UARTEx_ReceiveToIdle  stm32f4xx_hal_uart.o
    0x08004a5a   0x08004a5a   0x00000002   Code   RO         6327    i.HAL_UARTEx_RxEventCallback  stm32f4xx_hal_uart.o
    0x08004a5c   0x08004a5c   0x00000002   Code   RO         6341    i.HAL_UART_ErrorCallback  stm32f4xx_hal_uart.o
    0x08004a5e   0x08004a5e   0x00000002   PAD
    0x08004a60   0x08004a60   0x00000260   Code   RO         6344    i.HAL_UART_IRQHandler  stm32f4xx_hal_uart.o
    0x08004cc0   0x08004cc0   0x00000064   Code   RO         6345    i.HAL_UART_Init     stm32f4xx_hal_uart.o
    0x08004d24   0x08004d24   0x0000022c   Code   RO          632    i.HAL_UART_MspInit  usart.o
    0x08004f50   0x08004f50   0x00000002   Code   RO         6351    i.HAL_UART_RxCpltCallback  stm32f4xx_hal_uart.o
    0x08004f52   0x08004f52   0x000000ca   Code   RO         6353    i.HAL_UART_Transmit  stm32f4xx_hal_uart.o
    0x0800501c   0x0800501c   0x00000002   Code   RO         6356    i.HAL_UART_TxCpltCallback  stm32f4xx_hal_uart.o
    0x0800501e   0x0800501e   0x00000004   Code   RO          693    i.HardFault_Handler  stm32f4xx_it.o
    0x08005022   0x08005022   0x00000032   Code   RO         4172    i.I2C_IsAcknowledgeFailed  stm32f4xx_hal_i2c.o
    0x08005054   0x08005054   0x00000154   Code   RO         4183    i.I2C_RequestMemoryRead  stm32f4xx_hal_i2c.o
    0x080051a8   0x080051a8   0x000000d0   Code   RO         4184    i.I2C_RequestMemoryWrite  stm32f4xx_hal_i2c.o
    0x08005278   0x08005278   0x0000005c   Code   RO         4192    i.I2C_WaitOnBTFFlagUntilTimeout  stm32f4xx_hal_i2c.o
    0x080052d4   0x080052d4   0x000000b4   Code   RO         4193    i.I2C_WaitOnFlagUntilTimeout  stm32f4xx_hal_i2c.o
    0x08005388   0x08005388   0x000000ce   Code   RO         4194    i.I2C_WaitOnMasterAddressFlagUntilTimeout  stm32f4xx_hal_i2c.o
    0x08005456   0x08005456   0x0000007c   Code   RO         4195    i.I2C_WaitOnRXNEFlagUntilTimeout  stm32f4xx_hal_i2c.o
    0x080054d2   0x080054d2   0x0000005c   Code   RO         4198    i.I2C_WaitOnTXEFlagUntilTimeout  stm32f4xx_hal_i2c.o
    0x0800552e   0x0800552e   0x00000002   PAD
    0x08005530   0x08005530   0x0000007c   Code   RO         1694    i.INS_cali_gyro     ins_task.o
    0x080055ac   0x080055ac   0x00000048   Code   RO         1695    i.INS_set_cali_gyro  ins_task.o
    0x080055f4   0x080055f4   0x0000030c   Code   RO         1696    i.INS_task          ins_task.o
    0x08005900   0x08005900   0x00000048   Code   RO         1356    i.LK_Motor_Ctrl_iq  can_receive.o
    0x08005948   0x08005948   0x0000018c   Code   RO         1358    i.LK_Motor_DecodeData_Handle  can_receive.o
    0x08005ad4   0x08005ad4   0x00000038   Code   RO         1359    i.LK_Motor_Shutdown  can_receive.o
    0x08005b0c   0x08005b0c   0x00000044   Code   RO          362    i.MX_CAN1_Init      can.o
    0x08005b50   0x08005b50   0x00000044   Code   RO          363    i.MX_CAN2_Init      can.o
    0x08005b94   0x08005b94   0x00000078   Code   RO          409    i.MX_DMA_Init       dma.o
    0x08005c0c   0x08005c0c   0x000000b4   Code   RO          301    i.MX_FREERTOS_Init  freertos.o
    0x08005cc0   0x08005cc0   0x000001c0   Code   RO          277    i.MX_GPIO_Init      gpio.o
    0x08005e80   0x08005e80   0x0000003c   Code   RO          435    i.MX_I2C3_Init      i2c.o
    0x08005ebc   0x08005ebc   0x00000034   Code   RO          477    i.MX_RTC_Init       rtc.o
    0x08005ef0   0x08005ef0   0x00000048   Code   RO          519    i.MX_SPI1_Init      spi.o
    0x08005f38   0x08005f38   0x0000006c   Code   RO          562    i.MX_TIM10_Init     tim.o
    0x08005fa4   0x08005fa4   0x000000a4   Code   RO          563    i.MX_TIM3_Init      tim.o
    0x08006048   0x08006048   0x000000a4   Code   RO          564    i.MX_TIM4_Init      tim.o
    0x080060ec   0x080060ec   0x000000c4   Code   RO          565    i.MX_TIM5_Init      tim.o
    0x080061b0   0x080061b0   0x00000070   Code   RO          566    i.MX_TIM8_Init      tim.o
    0x08006220   0x08006220   0x00000038   Code   RO          633    i.MX_USART1_UART_Init  usart.o
    0x08006258   0x08006258   0x0000003c   Code   RO          634    i.MX_USART3_UART_Init  usart.o
    0x08006294   0x08006294   0x00000038   Code   RO          635    i.MX_USART6_UART_Init  usart.o
    0x080062cc   0x080062cc   0x00000004   Code   RO          694    i.MemManage_Handler  stm32f4xx_it.o
    0x080062d0   0x080062d0   0x00000002   Code   RO          695    i.NMI_Handler       stm32f4xx_it.o
    0x080062d2   0x080062d2   0x00000002   PAD
    0x080062d4   0x080062d4   0x000001f0   Code   RO         2673    i.PID_calc          pid.o
    0x080064c4   0x080064c4   0x00000060   Code   RO         2675    i.PID_init          pid.o
    0x08006524   0x08006524   0x0000009c   Code   RO         1156    i.RC_Init           bsp_rc.o
    0x080065c0   0x080065c0   0x0000035c   Code   RO         1227    i.RC_cmd_to_calibrate  calibrate_task.o
    0x0800691c   0x0800691c   0x00000050   Code   RO         1157    i.RC_restart        bsp_rc.o
    0x0800696c   0x0800696c   0x00000018   Code   RO         1158    i.RC_unable         bsp_rc.o
    0x08006984   0x08006984   0x00000048   Code   RO         4632    i.RTC_EnterInitMode  stm32f4xx_hal_rtc.o
    0x080069cc   0x080069cc   0x0000002c   Code   RO         4633    i.RTC_ExitInitMode  stm32f4xx_hal_rtc.o
    0x080069f8   0x080069f8   0x0000273c   Code   RO         1196    i.SPI1_DMA_enable   bsp_spi.o
    0x08009134   0x08009134   0x00000180   Code   RO         1197    i.SPI1_DMA_init     bsp_spi.o
    0x080092b4   0x080092b4   0x00000064   Code   RO         5059    i.SPI_EndRxTxTransaction  stm32f4xx_hal_spi.o
    0x08009318   0x08009318   0x000000d8   Code   RO         5064    i.SPI_WaitFlagStateUntilTimeout  stm32f4xx_hal_spi.o
    0x080093f0   0x080093f0   0x00000014   Code   RO          696    i.SysTick_Handler   stm32f4xx_it.o
    0x08009404   0x08009404   0x000000b4   Code   RO           14    i.SystemClock_Config  main.o
    0x080094b8   0x080094b8   0x00000064   Code   RO          822    i.SystemInit        system_stm32f4xx.o
    0x0800951c   0x0800951c   0x000000b8   Code   RO         5427    i.TIM_Base_SetConfig  stm32f4xx_hal_tim.o
    0x080095d4   0x080095d4   0x0000001e   Code   RO         5428    i.TIM_CCxChannelCmd  stm32f4xx_hal_tim.o
    0x080095f2   0x080095f2   0x00000016   Code   RO         5438    i.TIM_ETR_SetConfig  stm32f4xx_hal_tim.o
    0x08009608   0x08009608   0x00000010   Code   RO         5439    i.TIM_ITRx_SetConfig  stm32f4xx_hal_tim.o
    0x08009618   0x08009618   0x00000070   Code   RO         5440    i.TIM_OC1_SetConfig  stm32f4xx_hal_tim.o
    0x08009688   0x08009688   0x00000078   Code   RO         5441    i.TIM_OC2_SetConfig  stm32f4xx_hal_tim.o
    0x08009700   0x08009700   0x00000078   Code   RO         5442    i.TIM_OC3_SetConfig  stm32f4xx_hal_tim.o
    0x08009778   0x08009778   0x00000054   Code   RO         5443    i.TIM_OC4_SetConfig  stm32f4xx_hal_tim.o
    0x080097cc   0x080097cc   0x00000026   Code   RO         5445    i.TIM_TI1_ConfigInputStage  stm32f4xx_hal_tim.o
    0x080097f2   0x080097f2   0x00000024   Code   RO         5447    i.TIM_TI2_ConfigInputStage  stm32f4xx_hal_tim.o
    0x08009816   0x08009816   0x00000010   Code   RO         6358    i.UART_DMAAbortOnError  stm32f4xx_hal_uart.o
    0x08009826   0x08009826   0x0000004e   Code   RO         6368    i.UART_EndRxTransfer  stm32f4xx_hal_uart.o
    0x08009874   0x08009874   0x0000001a   Code   RO         6369    i.UART_EndTransmit_IT  stm32f4xx_hal_uart.o
    0x0800988e   0x0800988e   0x000000c8   Code   RO         6371    i.UART_Receive_IT   stm32f4xx_hal_uart.o
    0x08009956   0x08009956   0x00000002   PAD
    0x08009958   0x08009958   0x000000f8   Code   RO         6372    i.UART_SetConfig    stm32f4xx_hal_uart.o
    0x08009a50   0x08009a50   0x0000005e   Code   RO         6375    i.UART_Transmit_IT  stm32f4xx_hal_uart.o
    0x08009aae   0x08009aae   0x0000008c   Code   RO         6376    i.UART_WaitOnFlagUntilTimeout  stm32f4xx_hal_uart.o
    0x08009b3a   0x08009b3a   0x00000002   PAD
    0x08009b3c   0x08009b3c   0x00000010   Code   RO          697    i.USART1_IRQHandler  stm32f4xx_it.o
    0x08009b4c   0x08009b4c   0x00000130   Code   RO         1863    i.USART3_IRQHandler  remote_control.o
    0x08009c7c   0x08009c7c   0x00000010   Code   RO          698    i.USART6_IRQHandler  stm32f4xx_it.o
    0x08009c8c   0x08009c8c   0x00000004   Code   RO          699    i.UsageFault_Handler  stm32f4xx_it.o
    0x08009c90   0x08009c90   0x00000030   Code   RO         8675    i.__ARM_fpclassify  m_wm.l(fpclassify.o)
    0x08009cc0   0x08009cc0   0x00000026   Code   RO         8677    i.__ARM_fpclassifyf  m_wm.l(fpclassifyf.o)
    0x08009ce6   0x08009ce6   0x00000002   PAD
    0x08009ce8   0x08009ce8   0x0000012c   Code   RO         8520    i.__hardfp_asinf    m_wm.l(asinf.o)
    0x08009e14   0x08009e14   0x00000250   Code   RO         8532    i.__hardfp_atan2f   m_wm.l(atan2f.o)
    0x0800a064   0x0800a064   0x00000004   PAD
    0x0800a068   0x0800a068   0x000000c8   Code   RO         8544    i.__hardfp_cos      m_wm.l(cos.o)
    0x0800a130   0x0800a130   0x00000014   Code   RO         8556    i.__hardfp_fabs     m_wm.l(fabs.o)
    0x0800a144   0x0800a144   0x00000004   PAD
    0x0800a148   0x0800a148   0x00000c38   Code   RO         8562    i.__hardfp_pow      m_wm.l(pow.o)
    0x0800ad80   0x0800ad80   0x000000c8   Code   RO         8576    i.__hardfp_sin      m_wm.l(sin.o)
    0x0800ae48   0x0800ae48   0x0000007a   Code   RO         8600    i.__hardfp_sqrt     m_wm.l(sqrt_full.o)
    0x0800aec2   0x0800aec2   0x0000003a   Code   RO         8606    i.__hardfp_sqrtf    m_wm.l(sqrtf_full.o)
    0x0800aefc   0x0800aefc   0x00000004   PAD
    0x0800af00   0x0800af00   0x00000438   Code   RO         8696    i.__ieee754_rem_pio2  m_wm.l(rred.o)
    0x0800b338   0x0800b338   0x00000170   Code   RO         8658    i.__kernel_cos      m_wm.l(cos_i.o)
    0x0800b4a8   0x0800b4a8   0x000000f8   Code   RO         8693    i.__kernel_poly     m_wm.l(poly.o)
    0x0800b5a0   0x0800b5a0   0x00000130   Code   RO         8704    i.__kernel_sin      m_wm.l(sin_i.o)
    0x0800b6d0   0x0800b6d0   0x00000030   Code   RO         8661    i.__mathlib_dbl_divzero  m_wm.l(dunder.o)
    0x0800b700   0x0800b700   0x00000014   Code   RO         8662    i.__mathlib_dbl_infnan  m_wm.l(dunder.o)
    0x0800b714   0x0800b714   0x00000014   Code   RO         8663    i.__mathlib_dbl_infnan2  m_wm.l(dunder.o)
    0x0800b728   0x0800b728   0x00000020   Code   RO         8664    i.__mathlib_dbl_invalid  m_wm.l(dunder.o)
    0x0800b748   0x0800b748   0x00000020   Code   RO         8665    i.__mathlib_dbl_overflow  m_wm.l(dunder.o)
    0x0800b768   0x0800b768   0x00000020   Code   RO         8667    i.__mathlib_dbl_underflow  m_wm.l(dunder.o)
    0x0800b788   0x0800b788   0x00000006   Code   RO         8680    i.__mathlib_flt_infnan  m_wm.l(funder.o)
    0x0800b78e   0x0800b78e   0x00000006   Code   RO         8681    i.__mathlib_flt_infnan2  m_wm.l(funder.o)
    0x0800b794   0x0800b794   0x00000010   Code   RO         8682    i.__mathlib_flt_invalid  m_wm.l(funder.o)
    0x0800b7a4   0x0800b7a4   0x00000010   Code   RO         8685    i.__mathlib_flt_underflow  m_wm.l(funder.o)
    0x0800b7b4   0x0800b7b4   0x00000068   Code   RO         1127    i.aRGB_led_show     bsp_led.o
    0x0800b81c   0x0800b81c   0x000001d0   Code   RO         8217    i.accel_comple_filter  AHRS.lib(ahrs.o)
    0x0800b9ec   0x0800b9ec   0x0000018c   Code   RO         8218    i.accel_update_kp_ki  AHRS.lib(ahrs.o)
    0x0800bb78   0x0800bb78   0x0000016c   Code   RO         8219    i.angle_to_quat     AHRS.lib(ahrs.o)
    0x0800bce4   0x0800bce4   0x00000134   Code   RO         2081    i.bmi088_accel_init  bmi088driver.o
    0x0800be18   0x0800be18   0x000002fc   Code   RO         2082    i.bmi088_accel_self_test  bmi088driver.o
    0x0800c114   0x0800c114   0x000000f4   Code   RO         2083    i.bmi088_gyro_init  bmi088driver.o
    0x0800c208   0x0800c208   0x000000d0   Code   RO         2084    i.bmi088_gyro_self_test  bmi088driver.o
    0x0800c2d8   0x0800c2d8   0x00000010   Code   RO          858    i.buzzer_off        bsp_buzzer.o
    0x0800c2e8   0x0800c2e8   0x00000014   Code   RO          859    i.buzzer_on         bsp_buzzer.o
    0x0800c2fc   0x0800c2fc   0x0000007c   Code   RO         1930    i.buzzer_warn_error  test_task.o
    0x0800c378   0x0800c378   0x000000ec   Code   RO         1228    i.cali_data_read    calibrate_task.o
    0x0800c464   0x0800c464   0x0000008c   Code   RO         1229    i.cali_data_write   calibrate_task.o
    0x0800c4f0   0x0800c4f0   0x00000006   Code   RO         1230    i.cali_gimbal_hook  calibrate_task.o
    0x0800c4f6   0x0800c4f6   0x00000002   PAD
    0x0800c4f8   0x0800c4f8   0x00000064   Code   RO         1231    i.cali_gyro_hook    calibrate_task.o
    0x0800c55c   0x0800c55c   0x00000036   Code   RO         1232    i.cali_head_hook    calibrate_task.o
    0x0800c592   0x0800c592   0x00000002   PAD
    0x0800c594   0x0800c594   0x000000b8   Code   RO         1233    i.cali_param_init   calibrate_task.o
    0x0800c64c   0x0800c64c   0x00000148   Code   RO         1234    i.calibrate_task    calibrate_task.o
    0x0800c794   0x0800c794   0x0000005c   Code   RO          970    i.can_filter_init   bsp_can.o
    0x0800c7f0   0x0800c7f0   0x00000024   Code   RO         1518    i.chassis_balance_control  chassis_behaviour.o
    0x0800c814   0x0800c814   0x00000050   Code   RO         1519    i.chassis_behaviour_control_set  chassis_behaviour.o
    0x0800c864   0x0800c864   0x00000060   Code   RO         1520    i.chassis_behaviour_mode_set  chassis_behaviour.o
    0x0800c8c4   0x0800c8c4   0x000002d8   Code   RO         1592    i.chassis_control_loop  chassis_task.o
    0x0800cb9c   0x0800cb9c   0x00000020   Code   RO         1521    i.chassis_down_control  chassis_behaviour.o
    0x0800cbbc   0x0800cbbc   0x00000248   Code   RO         1593    i.chassis_feedback_update  chassis_task.o
    0x0800ce04   0x0800ce04   0x0000006c   Code   RO         1594    i.chassis_init      chassis_task.o
    0x0800ce70   0x0800ce70   0x000000b8   Code   RO         1595    i.chassis_rc_to_control_vector  chassis_task.o
    0x0800cf28   0x0800cf28   0x00000058   Code   RO         1522    i.chassis_remote_control  chassis_behaviour.o
    0x0800cf80   0x0800cf80   0x00000110   Code   RO         1596    i.chassis_set_contorl  chassis_task.o
    0x0800d090   0x0800d090   0x00000012   Code   RO         1597    i.chassis_set_mode  chassis_task.o
    0x0800d0a2   0x0800d0a2   0x00000002   PAD
    0x0800d0a4   0x0800d0a4   0x00000080   Code   RO         1598    i.chassis_task      chassis_task.o
    0x0800d124   0x0800d124   0x0000005c   Code   RO         2020    i.crc32_core        a1_motor.o
    0x0800d180   0x0800d180   0x00000030   Code   RO          998    i.delay_init        bsp_delay.o
    0x0800d1b0   0x0800d1b0   0x00000050   Code   RO         1000    i.delay_us          bsp_delay.o
    0x0800d200   0x0800d200   0x00000124   Code   RO         1649    i.detect_hook       detect_task.o
    0x0800d324   0x0800d324   0x000000c8   Code   RO         2021    i.extract_data      a1_motor.o
    0x0800d3ec   0x0800d3ec   0x00000018   Code   RO         8558    i.fabs              m_wm.l(fabs.o)
    0x0800d404   0x0800d404   0x00000054   Code   RO         2572    i.first_order_filter_cali  user_lib.o
    0x0800d458   0x0800d458   0x00000024   Code   RO         2573    i.first_order_filter_init  user_lib.o
    0x0800d47c   0x0800d47c   0x0000002e   Code   RO         1039    i.flash_erase_address  bsp_flash.o
    0x0800d4aa   0x0800d4aa   0x00000014   Code   RO         1040    i.flash_read        bsp_flash.o
    0x0800d4be   0x0800d4be   0x00000002   PAD
    0x0800d4c0   0x0800d4c0   0x00000098   Code   RO         1042    i.flash_write_single_address  bsp_flash.o
    0x0800d558   0x0800d558   0x0000002a   Code   RO         2574    i.fp32_constrain    user_lib.o
    0x0800d582   0x0800d582   0x00000002   PAD
    0x0800d584   0x0800d584   0x000000f4   Code   RO         1043    i.ger_sector        bsp_flash.o
    0x0800d678   0x0800d678   0x00000008   Code   RO         1697    i.get_INS_angle_point  ins_task.o
    0x0800d680   0x0800d680   0x00000008   Code   RO         1700    i.get_accel_fliter_data_point  ins_task.o
    0x0800d688   0x0800d688   0x000000e8   Code   RO         8220    i.get_angle         AHRS.lib(ahrs.o)
    0x0800d770   0x0800d770   0x00000014   Code   RO         1360    i.get_chassis_motor_measure_point  can_receive.o
    0x0800d784   0x0800d784   0x0000000c   Code   RO         1235    i.get_control_temperature  calibrate_task.o
    0x0800d790   0x0800d790   0x00000008   Code   RO         1652    i.get_error_list_point  detect_task.o
    0x0800d798   0x0800d798   0x00000008   Code   RO         1701    i.get_gyro_data_point  ins_task.o
    0x0800d7a0   0x0800d7a0   0x000000e8   Code   RO         1044    i.get_next_flash_address  bsp_flash.o
    0x0800d888   0x0800d888   0x00000008   Code   RO         1864    i.get_remote_control_point  remote_control.o
    0x0800d890   0x0800d890   0x00000030   Code   RO         1361    i.get_total_angle1  can_receive.o
    0x0800d8c0   0x0800d8c0   0x00000030   Code   RO         1362    i.get_total_angle2  can_receive.o
    0x0800d8f0   0x0800d8f0   0x00000054   Code   RO         1703    i.gyro_offset_calc  ins_task.o
    0x0800d944   0x0800d944   0x0000012c   Code   RO         1704    i.imu_cali_slove    ins_task.o
    0x0800da70   0x0800da70   0x00000168   Code   RO         1705    i.imu_cmd_spi_dma   ins_task.o
    0x0800dbd8   0x0800dbd8   0x0000000c   Code   RO         1099    i.imu_pwm_set       bsp_imu_pwm.o
    0x0800dbe4   0x0800dbe4   0x000000b8   Code   RO         1706    i.imu_temp_control  ins_task.o
    0x0800dc9c   0x0800dc9c   0x00000002   Code   RO         2336    i.ist8310_GPIO_init  ist8310driver_middleware.o
    0x0800dc9e   0x0800dc9e   0x00000002   PAD
    0x0800dca0   0x0800dca0   0x00000028   Code   RO         2338    i.ist8310_IIC_read_single_reg  ist8310driver_middleware.o
    0x0800dcc8   0x0800dcc8   0x00000028   Code   RO         2340    i.ist8310_IIC_write_single_reg  ist8310driver_middleware.o
    0x0800dcf0   0x0800dcf0   0x00000014   Code   RO         2341    i.ist8310_RST_H     ist8310driver_middleware.o
    0x0800dd04   0x0800dd04   0x00000014   Code   RO         2342    i.ist8310_RST_L     ist8310driver_middleware.o
    0x0800dd18   0x0800dd18   0x00000002   Code   RO         2343    i.ist8310_com_init  ist8310driver_middleware.o
    0x0800dd1a   0x0800dd1a   0x0000000c   Code   RO         2344    i.ist8310_delay_ms  ist8310driver_middleware.o
    0x0800dd26   0x0800dd26   0x00000002   PAD
    0x0800dd28   0x0800dd28   0x00000094   Code   RO         2301    i.ist8310_init      ist8310driver.o
    0x0800ddbc   0x0800ddbc   0x000002d0   Code   RO         1965    i.jointmotor_control_loop  jointmotor_task.o
    0x0800e08c   0x0800e08c   0x0000073c   Code   RO         1966    i.jointmotor_feedback_update  jointmotor_task.o
    0x0800e7c8   0x0800e7c8   0x000000f8   Code   RO         1967    i.jointmotor_init   jointmotor_task.o
    0x0800e8c0   0x0800e8c0   0x00000088   Code   RO         1968    i.jointmotor_task   jointmotor_task.o
    0x0800e948   0x0800e948   0x000001b0   Code   RO         1828    i.led_RGB_flow_task  led_flow_task.o
    0x0800eaf8   0x0800eaf8   0x00000068   Code   RO         2022    i.left_joint_motor_control  a1_motor.o
    0x0800eb60   0x0800eb60   0x00000088   Code   RO         1969    i.leg_set_control   jointmotor_task.o
    0x0800ebe8   0x0800ebe8   0x00000060   Code   RO         2579    i.loop_fp32_constrain  user_lib.o
    0x0800ec48   0x0800ec48   0x00000060   Code   RO           15    i.main              main.o
    0x0800eca8   0x0800eca8   0x0000000c   Code   RO         7703    i.makeFreeRtosPriority  cmsis_os.o
    0x0800ecb4   0x0800ecb4   0x000001ec   Code   RO         2023    i.modify_data       a1_motor.o
    0x0800eea0   0x0800eea0   0x00000010   Code   RO         7705    i.osDelay           cmsis_os.o
    0x0800eeb0   0x0800eeb0   0x0000000a   Code   RO         7708    i.osKernelStart     cmsis_os.o
    0x0800eeba   0x0800eeba   0x0000005c   Code   RO         7742    i.osThreadCreate    cmsis_os.o
    0x0800ef16   0x0800ef16   0x00000002   PAD
    0x0800ef18   0x0800ef18   0x00000024   Code   RO         7170    i.pcTaskGetName     tasks.o
    0x0800ef3c   0x0800ef3c   0x00000080   Code   RO         7171    i.prvAddCurrentTaskToDelayedList  tasks.o
    0x0800efbc   0x0800efbc   0x00000088   Code   RO         7172    i.prvAddNewTaskToReadyList  tasks.o
    0x0800f044   0x0800f044   0x0000005c   Code   RO         7535    i.prvCheckForValidListAndQueue  timers.o
    0x0800f0a0   0x0800f0a0   0x00000040   Code   RO         7173    i.prvCheckTasksWaitingTermination  tasks.o
    0x0800f0e0   0x0800f0e0   0x00000024   Code   RO         6824    i.prvCopyDataFromQueue  queue.o
    0x0800f104   0x0800f104   0x0000006e   Code   RO         6825    i.prvCopyDataToQueue  queue.o
    0x0800f172   0x0800f172   0x00000040   Code   RO         7174    i.prvDeleteTCB      tasks.o
    0x0800f1b2   0x0800f1b2   0x00000002   PAD
    0x0800f1b4   0x0800f1b4   0x00000024   Code   RO         7536    i.prvGetNextExpireTime  timers.o
    0x0800f1d8   0x0800f1d8   0x00000050   Code   RO         8082    i.prvHeapInit       heap_4.o
    0x0800f228   0x0800f228   0x00000028   Code   RO         7175    i.prvIdleTask       tasks.o
    0x0800f250   0x0800f250   0x00000018   Code   RO         6828    i.prvInitialiseNewQueue  queue.o
    0x0800f268   0x0800f268   0x00000098   Code   RO         7176    i.prvInitialiseNewTask  tasks.o
    0x0800f300   0x0800f300   0x00000060   Code   RO         7177    i.prvInitialiseTaskLists  tasks.o
    0x0800f360   0x0800f360   0x0000005c   Code   RO         8083    i.prvInsertBlockIntoFreeList  heap_4.o
    0x0800f3bc   0x0800f3bc   0x00000048   Code   RO         7538    i.prvInsertTimerInActiveList  timers.o
    0x0800f404   0x0800f404   0x0000001a   Code   RO         6829    i.prvIsQueueEmpty   queue.o
    0x0800f41e   0x0800f41e   0x0000001e   Code   RO         6830    i.prvIsQueueFull    queue.o
    0x0800f43c   0x0800f43c   0x00000068   Code   RO         7539    i.prvProcessExpiredTimer  timers.o
    0x0800f4a4   0x0800f4a4   0x00000110   Code   RO         7540    i.prvProcessReceivedCommands  timers.o
    0x0800f5b4   0x0800f5b4   0x0000006c   Code   RO         7541    i.prvProcessTimerOrBlockTask  timers.o
    0x0800f620   0x0800f620   0x00000024   Code   RO         7178    i.prvResetNextTaskUnblockTime  tasks.o
    0x0800f644   0x0800f644   0x0000002c   Code   RO         7542    i.prvSampleTimeNow  timers.o
    0x0800f670   0x0800f670   0x0000006e   Code   RO         7179    i.prvSearchForNameWithinSingleList  tasks.o
    0x0800f6de   0x0800f6de   0x00000002   PAD
    0x0800f6e0   0x0800f6e0   0x00000078   Code   RO         7543    i.prvSwitchTimerLists  timers.o
    0x0800f758   0x0800f758   0x00000018   Code   RO         7180    i.prvTaskCheckFreeStackSpace  tasks.o
    0x0800f770   0x0800f770   0x00000030   Code   RO         8138    i.prvTaskExitError  port.o
    0x0800f7a0   0x0800f7a0   0x00000014   Code   RO         7544    i.prvTimerTask      timers.o
    0x0800f7b4   0x0800f7b4   0x00000068   Code   RO         6831    i.prvUnlockQueue    queue.o
    0x0800f81c   0x0800f81c   0x000000e8   Code   RO         8084    i.pvPortMalloc      heap_4.o
    0x0800f904   0x0800f904   0x0000002c   Code   RO         8139    i.pxPortInitialiseStack  port.o
    0x0800f930   0x0800f930   0x00000084   Code   RO         8225    i.quat_normalization  AHRS.lib(ahrs.o)
    0x0800f9b4   0x0800f9b4   0x00000014   Code   RO         1865    i.remote_control_init  remote_control.o
    0x0800f9c8   0x0800f9c8   0x00000068   Code   RO         2024    i.right_joint_motor_control  a1_motor.o
    0x0800fa30   0x0800fa30   0x000000da   Code   RO         1866    i.sbus_to_rc        remote_control.o
    0x0800fb0a   0x0800fb0a   0x0000006e   Code   RO         8602    i.sqrt              m_wm.l(sqrt_full.o)
    0x0800fb78   0x0800fb78   0x0000003e   Code   RO         8608    i.sqrtf             m_wm.l(sqrtf_full.o)
    0x0800fbb6   0x0800fbb6   0x00000002   PAD
    0x0800fbb8   0x0800fbb8   0x0000008c   Code   RO         1931    i.test_task         test_task.o
    0x0800fc44   0x0800fc44   0x00000018   Code   RO         1653    i.toe_is_error      detect_task.o
    0x0800fc5c   0x0800fc5c   0x00000068   Code   RO         7183    i.ulTaskNotifyTake  tasks.o
    0x0800fcc4   0x0800fcc4   0x0000007a   Code   RO         8226    i.update_w          AHRS.lib(ahrs.o)
    0x0800fd3e   0x0800fd3e   0x00000026   Code   RO         6784    i.uxListRemove      list.o
    0x0800fd64   0x0800fd64   0x00000014   Code   RO         7186    i.uxTaskGetStackHighWaterMark  tasks.o
    0x0800fd78   0x0800fd78   0x00000018   Code   RO          303    i.vApplicationGetIdleTaskMemory  freertos.o
    0x0800fd90   0x0800fd90   0x00000018   Code   RO          304    i.vApplicationGetTimerTaskMemory  freertos.o
    0x0800fda8   0x0800fda8   0x00000016   Code   RO         6785    i.vListInitialise   list.o
    0x0800fdbe   0x0800fdbe   0x00000006   Code   RO         6786    i.vListInitialiseItem  list.o
    0x0800fdc4   0x0800fdc4   0x00000036   Code   RO         6787    i.vListInsert       list.o
    0x0800fdfa   0x0800fdfa   0x00000018   Code   RO         6788    i.vListInsertEnd    list.o
    0x0800fe12   0x0800fe12   0x00000002   PAD
    0x0800fe14   0x0800fe14   0x00000040   Code   RO         8141    i.vPortEnterCritical  port.o
    0x0800fe54   0x0800fe54   0x0000002c   Code   RO         8142    i.vPortExitCritical  port.o
    0x0800fe80   0x0800fe80   0x00000064   Code   RO         8085    i.vPortFree         heap_4.o
    0x0800fee4   0x0800fee4   0x00000024   Code   RO         8143    i.vPortSetupTimerInterrupt  port.o
    0x0800ff08   0x0800ff08   0x00000054   Code   RO         8144    i.vPortValidateInterruptPriority  port.o
    0x0800ff5c   0x0800ff5c   0x00000028   Code   RO         6835    i.vQueueAddToRegistry  queue.o
    0x0800ff84   0x0800ff84   0x0000004a   Code   RO         6838    i.vQueueWaitForMessageRestricted  queue.o
    0x0800ffce   0x0800ffce   0x00000002   PAD
    0x0800ffd0   0x0800ffd0   0x00000050   Code   RO         7190    i.vTaskDelay        tasks.o
    0x08010020   0x08010020   0x00000010   Code   RO         7194    i.vTaskInternalSetTimeOutState  tasks.o
    0x08010030   0x08010030   0x0000000c   Code   RO         7195    i.vTaskMissedYield  tasks.o
    0x0801003c   0x0801003c   0x000000bc   Code   RO         7196    i.vTaskNotifyGiveFromISR  tasks.o
    0x080100f8   0x080100f8   0x00000034   Code   RO         7197    i.vTaskPlaceOnEventList  tasks.o
    0x0801012c   0x0801012c   0x0000003c   Code   RO         7198    i.vTaskPlaceOnEventListRestricted  tasks.o
    0x08010168   0x08010168   0x00000090   Code   RO         7205    i.vTaskStartScheduler  tasks.o
    0x080101f8   0x080101f8   0x00000010   Code   RO         7207    i.vTaskSuspendAll   tasks.o
    0x08010208   0x08010208   0x00000060   Code   RO         7208    i.vTaskSwitchContext  tasks.o
    0x08010268   0x08010268   0x00000104   Code   RO         8145    i.xPortStartScheduler  port.o
    0x0801036c   0x0801036c   0x0000002c   Code   RO         8146    i.xPortSysTickHandler  port.o
    0x08010398   0x08010398   0x00000070   Code   RO         6842    i.xQueueGenericCreateStatic  queue.o
    0x08010408   0x08010408   0x00000090   Code   RO         6843    i.xQueueGenericReset  queue.o
    0x08010498   0x08010498   0x00000170   Code   RO         6844    i.xQueueGenericSend  queue.o
    0x08010608   0x08010608   0x000000be   Code   RO         6845    i.xQueueGenericSendFromISR  queue.o
    0x080106c6   0x080106c6   0x00000002   PAD
    0x080106c8   0x080106c8   0x00000148   Code   RO         6853    i.xQueueReceive     queue.o
    0x08010810   0x08010810   0x00000098   Code   RO         7211    i.xTaskCheckForTimeOut  tasks.o
    0x080108a8   0x080108a8   0x0000006c   Code   RO         7212    i.xTaskCreate       tasks.o
    0x08010914   0x08010914   0x00000060   Code   RO         7213    i.xTaskCreateStatic  tasks.o
    0x08010974   0x08010974   0x0000008c   Code   RO         7217    i.xTaskGetHandle    tasks.o
    0x08010a00   0x08010a00   0x0000001c   Code   RO         7218    i.xTaskGetSchedulerState  tasks.o
    0x08010a1c   0x08010a1c   0x0000000c   Code   RO         7219    i.xTaskGetTickCount  tasks.o
    0x08010a28   0x08010a28   0x000000d4   Code   RO         7221    i.xTaskIncrementTick  tasks.o
    0x08010afc   0x08010afc   0x0000009c   Code   RO         7224    i.xTaskPriorityDisinherit  tasks.o
    0x08010b98   0x08010b98   0x00000078   Code   RO         7226    i.xTaskRemoveFromEventList  tasks.o
    0x08010c10   0x08010c10   0x000000cc   Code   RO         7227    i.xTaskResumeAll    tasks.o
    0x08010cdc   0x08010cdc   0x00000068   Code   RO         7551    i.xTimerCreateTimerTask  timers.o
    0x08010d44   0x08010d44   0x00000074   Code   RO         7552    i.xTimerGenericCommand  timers.o
    0x08010db8   0x08010db8   0x00000018   Code   RO         8480    x$fpl$basic         g_wm.l(basic.o)
    0x08010dd0   0x08010dd0   0x000002c4   Code   RO         8482    x$fpl$d2f           g_wm.l(d2f_clz.o)
    0x08011094   0x08011094   0x0000024c   Code   RO         8484    x$fpl$dadd          g_wm.l(daddsub_clz.o)
    0x080112e0   0x080112e0   0x0000001c   Code   RO         8734    x$fpl$dcheck1       g_wm.l(dcheck1.o)
    0x080112fc   0x080112fc   0x00000018   Code   RO         8633    x$fpl$dcmpinf       g_wm.l(dcmpi.o)
    0x08011314   0x08011314   0x0000037c   Code   RO         8491    x$fpl$ddiv          g_wm.l(ddiv_clz.o)
    0x08011690   0x08011690   0x000000c8   Code   RO         8736    x$fpl$dfix          g_wm.l(dfix.o)
    0x08011758   0x08011758   0x0000002e   Code   RO         8495    x$fpl$dflt          g_wm.l(dflt_clz.o)
    0x08011786   0x08011786   0x0000001a   Code   RO         8496    x$fpl$dfltn         g_wm.l(dflt_clz.o)
    0x080117a0   0x080117a0   0x00000026   Code   RO         8494    x$fpl$dfltu         g_wm.l(dflt_clz.o)
    0x080117c6   0x080117c6   0x00000002   PAD
    0x080117c8   0x080117c8   0x00000078   Code   RO         8500    x$fpl$dleqf         g_wm.l(dleqf.o)
    0x08011840   0x08011840   0x000001c0   Code   RO         8502    x$fpl$dmul          g_wm.l(dmul_clz.o)
    0x08011a00   0x08011a00   0x00000102   Code   RO         8635    x$fpl$dnaninf       g_wm.l(dnaninf.o)
    0x08011b02   0x08011b02   0x00000070   Code   RO         8637    x$fpl$drenorm       g_wm.l(drenorm_clz.o)
    0x08011b72   0x08011b72   0x0000000c   Code   RO         8639    x$fpl$dretinf       g_wm.l(dretinf.o)
    0x08011b7e   0x08011b7e   0x00000062   Code   RO         8504    x$fpl$drleqf        g_wm.l(drleqf.o)
    0x08011be0   0x08011be0   0x00000050   Code   RO         8485    x$fpl$drsb          g_wm.l(daddsub_clz.o)
    0x08011c30   0x08011c30   0x00000208   Code   RO         8641    x$fpl$dsqrt         g_wm.l(dsqrt_umaalclz.o)
    0x08011e38   0x08011e38   0x0000029c   Code   RO         8486    x$fpl$dsub          g_wm.l(daddsub_clz.o)
    0x080120d4   0x080120d4   0x0000017a   Code   RO         8643    x$fpl$dunder        g_wm.l(dunder_clz.o)
    0x0801224e   0x0801224e   0x00000002   PAD
    0x08012250   0x08012250   0x000001ec   Code   RO         8645    x$fpl$exception     g_wm.l(except.o)
    0x0801243c   0x0801243c   0x0000007a   Code   RO         8506    x$fpl$f2d           g_wm.l(f2d.o)
    0x080124b6   0x080124b6   0x000000f2   Code   RO         8647    x$fpl$fnaninf       g_wm.l(fnaninf.o)
    0x080125a8   0x080125a8   0x0000000a   Code   RO         8827    x$fpl$fpinit        g_wm.l(fpinit.o)
    0x080125b2   0x080125b2   0x0000000a   Code   RO         8649    x$fpl$fretinf       g_wm.l(fretinf.o)
    0x080125bc   0x080125bc   0x0000013c   Code   RO         8651    x$fpl$funder        g_wm.l(funder_clz.o)
    0x080126f8   0x080126f8   0x000000b2   Code   RO         8740    x$fpl$retnan        g_wm.l(retnan.o)
    0x080127aa   0x080127aa   0x00000002   PAD
    0x080127ac   0x080127ac   0x00000114   Code   RO         8653    x$fpl$scalbn        g_wm.l(scalbn_clz.o)
    0x080128c0   0x080128c0   0x0000007e   Code   RO         8655    x$fpl$trapveneer    g_wm.l(trapv.o)
    0x0801293e   0x0801293e   0x00000000   Code   RO         8657    x$fpl$usenofp       g_wm.l(usenofp.o)
    0x0801293e   0x0801293e   0x00000002   PAD
    0x08012940   0x08012940   0x000000a8   Data   RO          306    .constdata          freertos.o
    0x080129e8   0x080129e8   0x00000018   Data   RO          823    .constdata          system_stm32f4xx.o
    0x08012a00   0x08012a00   0x0000000f   Data   RO         1238    .constdata          calibrate_task.o
    0x08012a0f   0x08012a0f   0x00000001   PAD
    0x08012a10   0x08012a10   0x00000004   Data   RO         1600    .constdata          chassis_task.o
    0x08012a14   0x08012a14   0x00000018   Data   RO         1708    .constdata          ins_task.o
    0x08012a2c   0x08012a2c   0x00000012   Data   RO         2089    .constdata          bmi088driver.o
    0x08012a3e   0x08012a3e   0x0000000c   Data   RO         2304    .constdata          ist8310driver.o
    0x08012a4a   0x08012a4a   0x00000008   Data   RO         3465    .constdata          stm32f4xx_hal_dma.o
    0x08012a52   0x08012a52   0x00000002   PAD
    0x08012a54   0x08012a54   0x0000000c   Data   RO         8227    .constdata          AHRS.lib(ahrs.o)
    0x08012a60   0x08012a60   0x00000804   Data   RO         8437    .constdata          arm_cortexM4lf_math.lib(arm_common_tables.o)
    0x08013264   0x08013264   0x00000004   PAD
    0x08013268   0x08013268   0x00000088   Data   RO         8565    .constdata          m_wm.l(pow.o)
    0x080132f0   0x080132f0   0x00000030   Data   RO         8659    .constdata          m_wm.l(cos_i.o)
    0x08013320   0x08013320   0x00000008   Data   RO         8695    .constdata          m_wm.l(qnan.o)
    0x08013328   0x08013328   0x000000c8   Data   RO         8698    .constdata          m_wm.l(rred.o)
    0x080133f0   0x080133f0   0x00000028   Data   RO         8705    .constdata          m_wm.l(sin_i.o)
    0x08013418   0x08013418   0x00000031   Data   RO          307    .conststring        freertos.o
    0x08013449   0x08013449   0x00000003   PAD
    0x0801344c   0x0801344c   0x00000020   Data   RO         8882    Region$$Table       anon$$obj.o


    Execution Region RW_IRAM1 (Exec base: 0x20000000, Load base: 0x0801346c, Size: 0x0000b8f0, Max: 0x00020000, ABSOLUTE, COMPRESSED[0x00000098])

    Exec Addr    Load Addr    Size         Type   Attr      Idx    E Section Name        Object

    0x20000000   COMPRESSED   0x0000001c   Data   RW          308    .data               freertos.o
    0x2000001c   COMPRESSED   0x00000004   Data   RW          365    .data               can.o
    0x20000020   COMPRESSED   0x00000004   Data   RW          824    .data               system_stm32f4xx.o
    0x20000024   COMPRESSED   0x00000008   Data   RW         1001    .data               bsp_delay.o
    0x2000002c   COMPRESSED   0x00000010   Data   RW         1045    .data               bsp_flash.o
    0x2000003c   COMPRESSED   0x00000008   Data   RW         1128    .data               bsp_led.o
    0x20000044   COMPRESSED   0x00000054   Data   RW         1239    .data               calibrate_task.o
    0x20000098   COMPRESSED   0x00000001   Data   RW         1523    .data               chassis_behaviour.o
    0x20000099   COMPRESSED   0x00000003   PAD
    0x2000009c   COMPRESSED   0x00000004   Data   RW         1601    .data               chassis_task.o
    0x200000a0   COMPRESSED   0x000000a8   Data   RW         1709    .data               ins_task.o
    0x20000148   COMPRESSED   0x0000001c   Data   RW         1829    .data               led_flow_task.o
    0x20000164   COMPRESSED   0x00000002   Data   RW         1870    .data               remote_control.o
    0x20000166   COMPRESSED   0x00000002   PAD
    0x20000168   COMPRESSED   0x0000000a   Data   RW         1932    .data               test_task.o
    0x20000172   COMPRESSED   0x00000002   PAD
    0x20000174   COMPRESSED   0x0000002c   Data   RW         2090    .data               bmi088driver.o
    0x200001a0   COMPRESSED   0x0000000c   Data   RW         3887    .data               stm32f4xx_hal.o
    0x200001ac   COMPRESSED   0x0000003c   Data   RW         7230    .data               tasks.o
    0x200001e8   COMPRESSED   0x00000014   Data   RW         7560    .data               timers.o
    0x200001fc   COMPRESSED   0x00000020   Data   RW         8091    .data               heap_4.o
    0x2000021c   COMPRESSED   0x0000000c   Data   RW         8147    .data               port.o
    0x20000228   COMPRESSED   0x00000010   Data   RW         8228    .data               AHRS.lib(ahrs.o)
    0x20000238        -       0x000006a8   Zero   RW          305    .bss                freertos.o
    0x200008e0        -       0x00000050   Zero   RW          364    .bss                can.o
    0x20000930        -       0x00000054   Zero   RW          436    .bss                i2c.o
    0x20000984        -       0x00000020   Zero   RW          478    .bss                rtc.o
    0x200009a4        -       0x00000118   Zero   RW          520    .bss                spi.o
    0x20000abc        -       0x00000168   Zero   RW          567    .bss                tim.o
    0x20000c24        -       0x0000012c   Zero   RW          636    .bss                usart.o
    0x20000d50        -       0x00000115   Zero   RW         1237    .bss                calibrate_task.o
    0x20000e65   COMPRESSED   0x00000003   PAD
    0x20000e68        -       0x00000060   Zero   RW         1364    .bss                can_receive.o
    0x20000ec8        -       0x00000088   Zero   RW         1599    .bss                chassis_task.o
    0x20000f50        -       0x0000018c   Zero   RW         1654    .bss                detect_task.o
    0x200010dc        -       0x00000134   Zero   RW         1707    .bss                ins_task.o
    0x20001210        -       0x0000005e   Zero   RW         1869    .bss                remote_control.o
    0x2000126e   COMPRESSED   0x00000002   PAD
    0x20001270        -       0x000003c0   Zero   RW         1970    .bss                jointmotor_task.o
    0x20001630        -       0x00000020   Zero   RW         3119    .bss                stm32f4xx_hal_flash.o
    0x20001650        -       0x00000040   Zero   RW         6856    .bss                queue.o
    0x20001690        -       0x000000f0   Zero   RW         7229    .bss                tasks.o
    0x20001780        -       0x00000110   Zero   RW         7559    .bss                timers.o
    0x20001890        -       0x00006000   Zero   RW         8090    .bss                heap_4.o
    0x20007890        -       0x00000060   Zero   RW         8743    .bss                c_w.l(libspace.o)
    0x200078f0        -       0x00002000   Zero   RW            2    HEAP                startup_stm32f407xx.o
    0x200098f0        -       0x00002000   Zero   RW            1    STACK               startup_stm32f407xx.o


==============================================================================

Image component sizes


      Code (inc. data)   RO Data    RW Data    ZI Data      Debug   Object Name

       992         98          0          0          0       5937   a1_motor.o
       168          4          0          0          0       5492   ahrs_middleware.o
      2338         40         18         44          0      10687   bmi088driver.o
       140         28          0          0          0       4936   bmi088middleware.o
        36         12          0          0          0     598821   bsp_buzzer.o
        92          8          0          0          0        602   bsp_can.o
       128         20          0          8          0       1360   bsp_delay.o
       694        108          0         16          0       4029   bsp_flash.o
        12          4          0          0          0        514   bsp_imu_pwm.o
       104         22          0          8          0        604   bsp_led.o
       260         28          0          0          0       2027   bsp_rc.o
     10428        170          0          0          0       5686   bsp_spi.o
      1920        110         15         84        277      17966   calibrate_task.o
       488         44          0          4         80       2454   can.o
       740         54          0          0         96     606458   can_receive.o
       332         36          0          1          0       8434   chassis_behaviour.o
      2022        154          4          4        136       6164   chassis_task.o
       130          0          0          0          0      23015   cmsis_os.o
       324         12          0          0        396       2391   detect_task.o
       120          6          0          0          0        830   dma.o
         0          0          0          0          0      19752   event_groups.o
       228         48        217         28       1704       3387   freertos.o
       448         20          0          0          0       1195   gpio.o
       504         32          0         32      24576       5099   heap_4.o
       260         30          0          0         84       1737   i2c.o
      4312        334         24        168        308      13901   ins_task.o
       148          6         12          0          0       2003   ist8310driver.o
       136         22          0          0          0       4055   ist8310driver_middleware.o
      3092        246          0          0        960       7655   jointmotor_task.o
       432         10          0         28          0       1677   led_flow_task.o
       144          0          0          0          0       3674   list.o
       278         10          0          0          0     769372   main.o
       592          8          0          0          0       2530   pid.o
       814         92          0         12          0      12189   port.o
      1586         24          0          0         64      17636   queue.o
       550         36          0          2         94       3239   remote_control.o
       116         22          0          0         32       1551   rtc.o
       416         38          0          0        280       1947   spi.o
        64         26        392          0      16384        856   startup_stm32f407xx.o
       148         24          0         12          0       8869   stm32f4xx_hal.o
      2004          6          0          0          0      14959   stm32f4xx_hal_can.o
       208         16          0          0          0      33739   stm32f4xx_hal_cortex.o
       612         14          8          0          0       4658   stm32f4xx_hal_dma.o
       568         74          0          0         32       6210   stm32f4xx_hal_flash.o
       380         24          0          0          0       3394   stm32f4xx_hal_flash_ex.o
       566         24          0          0          0       3051   stm32f4xx_hal_gpio.o
      2796         48          0          0          0      13458   stm32f4xx_hal_i2c.o
        84          6          0          0          0        866   stm32f4xx_hal_msp.o
      1722        104          0          0          0       6604   stm32f4xx_hal_rcc.o
       380         34          0          0          0       1544   stm32f4xx_hal_rcc_ex.o
       324          0          0          0          0       3399   stm32f4xx_hal_rtc.o
      1010         14          0          0          0       4809   stm32f4xx_hal_spi.o
      1706         56          0          0          0      13795   stm32f4xx_hal_tim.o
       130          0          0          0          0       1436   stm32f4xx_hal_tim_ex.o
      2002         10          0          0          0      13235   stm32f4xx_hal_uart.o
       144         24          0          0          0       7353   stm32f4xx_it.o
       100         18         24          4          0       1203   system_stm32f4xx.o
      2902        244          0         60        240      34473   tasks.o
       264         28          0         10          0       2024   test_task.o
      1400        126          0          0        360       5630   tim.o
      1088         94          0         20        272      31015   timers.o
       728         78          0          0        300       3231   usart.o
       258          4          0          0          0       3855   user_lib.o

    ----------------------------------------------------------------------
     57176       3032        752        552      46680    2404672   Object Totals
         0          0         32          0          0          0   (incl. Generated)
        64          0          6          7          5          0   (incl. Padding)

    ----------------------------------------------------------------------

      Code (inc. data)   RO Data    RW Data    ZI Data      Debug   Library Member Name

      2718         84         12         16          0       9922   ahrs.o
         0          0       2052          0          0       4636   arm_common_tables.o
       120         12          0          0          0      16970   arm_cos_f32.o
       116         12          0          0          0        658   arm_sin_f32.o
        90          0          0          0          0          0   __dczerorl2.o
         8          0          0          0          0         68   __main.o
         0          0          0          0          0          0   __rtentry.o
        12          0          0          0          0          0   __rtentry2.o
         6          0          0          0          0          0   __rtentry4.o
        52          8          0          0          0          0   __scatter.o
        28          0          0          0          0          0   __scatter_zi.o
        48          4          0          0          0         84   _fptrap.o
        22          0          0          0          0        100   _rserrno.o
        16          0          0          0          0         68   aeabi_memset.o
        10          0          0          0          0         68   defsig_exit.o
       172        110          0          0          0         76   defsig_fpe_inner.o
        14          0          0          0          0         80   defsig_fpe_outer.o
        50          0          0          0          0         88   defsig_general.o
        12          0          0          0          0         72   exit.o
         6          0          0          0          0        152   heapauxi.o
         0          0          0          0          0          0   indicate_semi.o
         2          0          0          0          0          0   libinit.o
         6          0          0          0          0          0   libinit2.o
         2          0          0          0          0          0   libshutdown.o
         2          0          0          0          0          0   libshutdown2.o
         8          4          0          0         96         68   libspace.o
       238          0          0          0          0        100   lludivv7m.o
         8          4          0          0          0         68   rt_errno_addr_intlibspace.o
        68          0          0          0          0         68   rt_memclr.o
        78          0          0          0          0         80   rt_memclr_w.o
       138          0          0          0          0         68   rt_memcpy_v6.o
       100          0          0          0          0         80   rt_memcpy_w.o
         2          0          0          0          0          0   rtexit.o
        10          0          0          0          0          0   rtexit2.o
        62          0          0          0          0         76   strlen.o
        12          4          0          0          0         68   sys_exit.o
        74          0          0          0          0         80   sys_stackheap_outer.o
        14          0          0          0          0         76   sys_wrch.o
         2          0          0          0          0         68   use_no_semi.o
        24          0          0          0          0        164   basic.o
       708         16          0          0          0        140   d2f_clz.o
      1336         32          0          0          0        532   daddsub_clz.o
        28          0          0          0          0        116   dcheck1.o
        24          0          0          0          0        116   dcmpi.o
       892        152          0          0          0        292   ddiv_clz.o
       200         16          0          0          0        184   dfix.o
       110          0          0          0          0        348   dflt_clz.o
       120          8          0          0          0        140   dleqf.o
       448         16          0          0          0        164   dmul_clz.o
       258          4          0          0          0        156   dnaninf.o
       112          0          0          0          0        160   drenorm_clz.o
        12          0          0          0          0        116   dretinf.o
        98          0          0          0          0        128   drleqf.o
       520         56          0          0          0        180   dsqrt_umaalclz.o
       378          0          0          0          0        168   dunder_clz.o
       492         36          0          0          0        148   except.o
       122          8          0          0          0        132   f2d.o
       242          4          0          0          0        144   fnaninf.o
        10          0          0          0          0        116   fpinit.o
        10          0          0          0          0        116   fretinf.o
       316          0          0          0          0        132   funder_clz.o
       178          0          0          0          0        116   retnan.o
       276          4          0          0          0        124   scalbn_clz.o
       126          0          0          0          0        148   trapv.o
         0          0          0          0          0          0   usenofp.o
       300         42          0          0          0        176   asinf.o
       592         90          0          0          0        184   atan2f.o
       200         20          0          0          0        164   cos.o
       368         46         48          0          0        200   cos_i.o
       184         44          0          0          0        744   dunder.o
        44          0          0          0          0        248   fabs.o
        48          0          0          0          0        124   fpclassify.o
        38          0          0          0          0        116   fpclassifyf.o
        44         12          0          0          0        464   funder.o
       248          0          0          0          0        152   poly.o
      3128        302        136          0          0        356   pow.o
         0          0          8          0          0          0   qnan.o
      1080        142        200          0          0        188   rred.o
       200         20          0          0          0        164   sin.o
       304         24         40          0          0        208   sin_i.o
       232          0          0          0          0        296   sqrt_full.o
       120          0          0          0          0        272   sqrtf_full.o

    ----------------------------------------------------------------------
     18528       1340       2500         16         96      42278   Library Totals
        32          4          4          0          0          0   (incl. Padding)

    ----------------------------------------------------------------------

      Code (inc. data)   RO Data    RW Data    ZI Data      Debug   Library Name

      2718         84         12         16          0       9922   AHRS.lib
       236         24       2052          0          0      22264   arm_cortexM4lf_math.lib
      1372        134          0          0         96       1756   c_w.l
      7040        352          0          0          0       4280   g_wm.l
      7130        742        432          0          0       4056   m_wm.l

    ----------------------------------------------------------------------
     18528       1340       2500         16         96      42278   Library Totals

    ----------------------------------------------------------------------

==============================================================================


      Code (inc. data)   RO Data    RW Data    ZI Data      Debug   

     75704       4372       3252        568      46776    2405814   Grand Totals
     75704       4372       3252        152      46776    2405814   ELF Image Totals (compressed)
     75704       4372       3252        152          0          0   ROM Totals

==============================================================================

    Total RO  Size (Code + RO Data)                78956 (  77.11kB)
    Total RW  Size (RW Data + ZI Data)             47344 (  46.23kB)
    Total ROM Size (Code + RO Data + RW Data)      79108 (  77.25kB)

==============================================================================

